Archive member included because of file (symbol)

C:\fehqt\Proteus/EWL/lib/armv7e-m\libm.a(s_sin.o)
                              ..\main.o (sin)
C:\fehqt\Proteus/EWL/lib/armv7e-m\libm.a(e_rem_pio2.o)
                              C:\fehqt\Proteus/EWL/lib/armv7e-m\libm.a(s_sin.o) (__ieee754_rem_pio2)
C:\fehqt\Proteus/EWL/lib/armv7e-m\libm.a(k_cos.o)
                              C:\fehqt\Proteus/EWL/lib/armv7e-m\libm.a(s_sin.o) (__kernel_cos)
C:\fehqt\Proteus/EWL/lib/armv7e-m\libm.a(k_rem_pio2.o)
                              C:\fehqt\Proteus/EWL/lib/armv7e-m\libm.a(e_rem_pio2.o) (__kernel_rem_pio2)
C:\fehqt\Proteus/EWL/lib/armv7e-m\libm.a(k_sin.o)
                              C:\fehqt\Proteus/EWL/lib/armv7e-m\libm.a(s_sin.o) (__kernel_sin)
C:\fehqt\Proteus/EWL/lib/armv7e-m\libm.a(s_floor.o)
                              C:\fehqt\Proteus/EWL/lib/armv7e-m\libm.a(k_rem_pio2.o) (floor)
C:\fehqt\Proteus/EWL/lib/armv7e-m\libm.a(scalbn.o)
                              C:\fehqt\Proteus/EWL/lib/armv7e-m\libm.a(k_rem_pio2.o) (scalbn)
C:\fehqt\Proteus/EWL/lib/armv7e-m\libm.a(s_frexp.o)
                              C:\fehqt\Proteus/EWL/lib/armv7e-m\libm.a(scalbn.o) (frexp)
C:\fehqt\Proteus/EWL/lib/armv7e-m\libm.a(s_ldexp.o)
                              C:\fehqt\Proteus/EWL/lib/armv7e-m\libm.a(scalbn.o) (ldexp)
C:\fehqt\Proteus/EWL/lib/armv7e-m\libm.a(math_api.o)
                              C:\fehqt\Proteus/EWL/lib/armv7e-m\libm.a(s_ldexp.o) (__fpclassifyd)
C:\fehqt\Proteus/EWL/lib/armv7e-m\libc.a(sprintf.o)
                              ..\main.o (sprintf)
C:\fehqt\Proteus/EWL/lib/armv7e-m\libc.a(vsnprintf.o)
                              C:\fehqt\Proteus/EWL/lib/armv7e-m\libc.a(sprintf.o) (vsnprintf)
C:\fehqt\Proteus/EWL/lib/armv7e-m\libc.a(exit.o)
                              Startup\__arm_start.o (exit)
C:\fehqt\Proteus/EWL/lib/armv7e-m\libc.a(memcpy.o)
                              ..\main.o (memcpy)
C:\fehqt\Proteus/EWL/lib/armv7e-m\libc.a(memset.o)
                              ..\main.o (memset)
C:\fehqt\Proteus/EWL/lib/armv7e-m\libc.a(strcmp.o)
                              Libraries\FEHLCD.o (strcmp)
C:\fehqt\Proteus/EWL/lib/armv7e-m\libc.a(strcpy.o)
                              Libraries\FEHLCD.o (strcpy)
C:\fehqt\Proteus/EWL/lib/armv7e-m\libc.a(strlen.o)
                              ..\main.o (strlen)
C:\fehqt\Proteus/EWL/lib/armv7e-m\libc.a(math_ARM.o)
                              C:\fehqt\Proteus/EWL/lib/armv7e-m\libm.a(math_api.o) (__ewl_count_bits32)
C:\fehqt\Proteus/EWL/lib/armv7e-m\libc.a(printformat_.o)
                              (__pformatter_)
C:\fehqt\Proteus/EWL/lib/armv7e-m\libc.a(scanformat_.o)
                              (__sformatter)
C:\fehqt\Proteus/EWL/lib/armv7e-m\libc.a(ctype_aeabi.o)
                              C:\fehqt\Proteus/EWL/lib/armv7e-m\libc.a(scanformat_.o) (isspace)
C:\fehqt\Proteus/EWL/lib/armv7e-m\libc.a(__strtoul.o)
                              C:\fehqt\Proteus/EWL/lib/armv7e-m\libc.a(scanformat_.o) (__strtoul)
C:\fehqt\Proteus/EWL/lib/armv7e-m\libc.a(__filll_mem.o)
                              C:\fehqt\Proteus/EWL/lib/armv7e-m\libc.a(memset.o) (__fill_mem)
C:\fehqt\Proteus/EWL/lib/armv7e-m\libc.a(memchr.o)
                              C:\fehqt\Proteus/EWL/lib/armv7e-m\libc.a(printformat_.o) (memchr)
C:\fehqt\Proteus/EWL/lib/armv7e-m\libc.a(strchr.o)
                              C:\fehqt\Proteus/EWL/lib/armv7e-m\libc.a(printformat_.o) (strchr)
c:/fehqt/proteus/gcc/bin/../lib/gcc/arm-none-eabi/4.6.2/armv7e-m\libgcc.a(_lshrdi3.o)
                              C:\fehqt\Proteus/EWL/lib/armv7e-m\libc.a(math_ARM.o) (__aeabi_llsr)
c:/fehqt/proteus/gcc/bin/../lib/gcc/arm-none-eabi/4.6.2/armv7e-m\libgcc.a(_ashldi3.o)
                              C:\fehqt\Proteus/EWL/lib/armv7e-m\libc.a(math_ARM.o) (__aeabi_llsl)
c:/fehqt/proteus/gcc/bin/../lib/gcc/arm-none-eabi/4.6.2/armv7e-m\libgcc.a(_arm_addsubdf3.o)
                              Libraries\FEHLCD.o (__aeabi_dsub)
c:/fehqt/proteus/gcc/bin/../lib/gcc/arm-none-eabi/4.6.2/armv7e-m\libgcc.a(_arm_muldivdf3.o)
                              ..\main.o (__aeabi_dmul)
c:/fehqt/proteus/gcc/bin/../lib/gcc/arm-none-eabi/4.6.2/armv7e-m\libgcc.a(_arm_cmpdf2.o)
                              C:\fehqt\Proteus/EWL/lib/armv7e-m\libm.a(e_rem_pio2.o) (__aeabi_dcmpeq)
c:/fehqt/proteus/gcc/bin/../lib/gcc/arm-none-eabi/4.6.2/armv7e-m\libgcc.a(_arm_fixdfsi.o)
                              Libraries\FEHMotor.o (__aeabi_d2iz)
c:/fehqt/proteus/gcc/bin/../lib/gcc/arm-none-eabi/4.6.2/armv7e-m\libgcc.a(_arm_fixunsdfsi.o)
                              Libraries\FEHUtility.o (__aeabi_d2uiz)
c:/fehqt/proteus/gcc/bin/../lib/gcc/arm-none-eabi/4.6.2/armv7e-m\libgcc.a(_arm_truncdfsf2.o)
                              ..\main.o (__aeabi_d2f)
c:/fehqt/proteus/gcc/bin/../lib/gcc/arm-none-eabi/4.6.2/armv7e-m\libgcc.a(_arm_addsubsf3.o)
                              ..\main.o (__aeabi_fsub)
[...]
Memory Configuration

Name             Origin             Length             Attributes
m_interrupts     0x0000c000         0x00000400         xr
m_cfmprotrom     0x0000c400         0x00000010         xr
m_text           0x0000c410         0x00073bf0         xr
m_data           0x1fff0400         0x0000fc00         xrw
m_data2          0x20000000         0x00010000         xrw
*default*        0x00000000         0xffffffff

Linker script and memory map

LOAD ..\main.o
LOAD Startup\__arm_start.o
LOAD Startup\__arm_end.o
LOAD Startup\kinetis_sysinit.o
LOAD Libraries\FEHMotor.o
LOAD Drivers\mcg.o
LOAD Drivers\i2c.o
LOAD Drivers\spi.o
LOAD Drivers\uart.o
LOAD Drivers\ff.o
LOAD Drivers\SDHC.o
LOAD Drivers\lptmr.o
LOAD FEHProteus.o
LOAD Drivers\FEHPropeller.o
LOAD Libraries\FEHUtility.o
LOAD Libraries\FEHIO.o
LOAD Drivers\adc16.o
LOAD Libraries\FEHBuzzer.o
LOAD Libraries\FEHServo.o
LOAD Libraries\FEHLCD.o
LOAD Libraries\FEHAccel.o
LOAD Libraries\FEHBattery.o
LOAD Drivers\FEHXBee.o
LOAD Libraries\FEHRPS.o
LOAD Libraries\FEHSD.o
                0x00016a48                __pformatter = __pformatter_
                [0x00016e40]                __sformatter = __sformatter
LOAD C:\fehqt\Proteus/EWL/lib/armv7e-m\libstdc++.a
LOAD C:\fehqt\Proteus/EWL/lib/armv7e-m\libm.a
START GROUP
LOAD C:\fehqt\Proteus/EWL/lib/armv7e-m\libc.a
LOAD C:\fehqt\Proteus/EWL/lib/armv7e-m\libc++.a
LOAD C:\fehqt\Proteus/EWL/lib/armv7e-m\libm.a
LOAD c:/fehqt/proteus/gcc/bin/../lib/gcc/arm-none-eabi/4.6.2/armv7e-m\libgcc.a
LOAD C:\fehqt\Proteus/EWL/lib/armv7e-m\librt.a
LOAD c:/fehqt/proteus/gcc/bin/../lib/gcc/arm-none-eabi/4.6.2/../../../../arm-none-eabi/lib/armv7e-m\libsupc++.a
END GROUP
                0x20000000                _estack = 0x20000000
                0x20000000                __SP_INIT = _estack
                0x00000800                __heap_size = 0x800
                0x00000800                __stack_size = 0x800

.interrupts     0x0000c000      0x1e0
                0x0000c000                __vector_table = .
                0x0000c000                . = ALIGN (0x4)
 *(.vectortable)
 .vectortable   0x0000c000      0x1e0 Startup\kinetis_sysinit.o
                0x0000c1e0                . = ALIGN (0x4)

.cfmprotect     0x0000c400        0x0
                0x0000c400                . = ALIGN (0x4)
 *(.cfmconfig)
                0x0000c400                . = ALIGN (0x4)

.text           0x0000c410     0xbdbc
                0x0000c410                . = ALIGN (0x4)
 *(.text)
 .text          0x0000c410      0x370 c:/fehqt/proteus/gcc/bin/../lib/gcc/arm-none-eabi/4.6.2/armv7e-m\libgcc.a(_arm_addsubdf3.o)
                0x0000c410                __aeabi_drsub
                0x0000c418                __aeabi_dsub
                0x0000c418                __subdf3
                0x0000c41c                __aeabi_dadd
                0x0000c41c                __adddf3
                0x0000c694                __floatunsidf
                0x0000c694                __aeabi_ui2d
                0x0000c6b4                __floatsidf
                0x0000c6b4                __aeabi_i2d
                0x0000c6d8                __aeabi_f2d
                0x0000c6d8                __extendsfdf2
                0x0000c714                __floatundidf
                0x0000c714                __aeabi_ul2d
                0x0000c724                __floatdidf
                0x0000c724                __aeabi_l2d
 .text          0x0000c780      0x424 c:/fehqt/proteus/gcc/bin/../lib/gcc/arm-none-eabi/4.6.2/armv7e-m\libgcc.a(_arm_muldivdf3.o)
                0x0000c780                __aeabi_dmul
                0x0000c780                __muldf3
                0x0000c9d4                __divdf3
                0x0000c9d4                __aeabi_ddiv
 .text          0x0000cba4      0x110 c:/fehqt/proteus/gcc/bin/../lib/gcc/arm-none-eabi/4.6.2/armv7e-m\libgcc.a(_arm_cmpdf2.o)
                0x0000cba4                __gtdf2
                0x0000cba4                __gedf2
                0x0000cbac                __ltdf2
                0x0000cbac                __ledf2
                0x0000cbb4                __nedf2
                0x0000cbb4                __eqdf2
                0x0000cbb4                __cmpdf2
                0x0000cc30                __aeabi_cdrcmple
                0x0000cc40                __aeabi_cdcmpeq
                0x0000cc40                __aeabi_cdcmple
                0x0000cc50                __aeabi_dcmpeq
                0x0000cc64                __aeabi_dcmplt
                0x0000cc78                __aeabi_dcmple
                0x0000cc8c                __aeabi_dcmpge
                0x0000cca0                __aeabi_dcmpgt
 .text          0x0000ccb4       0x50 c:/fehqt/proteus/gcc/bin/../lib/gcc/arm-none-eabi/4.6.2/armv7e-m\libgcc.a(_arm_fixdfsi.o)
                0x0000ccb4                __aeabi_d2iz
                0x0000ccb4                __fixdfsi
 .text          0x0000cd04       0x40 c:/fehqt/proteus/gcc/bin/../lib/gcc/arm-none-eabi/4.6.2/armv7e-m\libgcc.a(_arm_fixunsdfsi.o)
                0x0000cd04                __aeabi_d2uiz
                0x0000cd04                __fixunsdfsi
 .text          0x0000cd44       0xa0 c:/fehqt/proteus/gcc/bin/../lib/gcc/arm-none-eabi/4.6.2/armv7e-m\libgcc.a(_arm_truncdfsf2.o)
                0x0000cd44                __truncdfsf2
                0x0000cd44                __aeabi_d2f
 .text          0x0000cde4      0x21c c:/fehqt/proteus/gcc/bin/../lib/gcc/arm-none-eabi/4.6.2/armv7e-m\libgcc.a(_arm_addsubsf3.o)
                0x0000cde4                __aeabi_frsub
                0x0000cdec                __subsf3
                0x0000cdec                __aeabi_fsub
                0x0000cdf0                __aeabi_fadd
                0x0000cdf0                __addsf3
                0x0000cf50                __aeabi_ui2f
                0x0000cf50                __floatunsisf
                0x0000cf58                __aeabi_i2f
                0x0000cf58                __floatsisf
                0x0000cf74                __aeabi_ul2f
                0x0000cf74                __floatundisf
                0x0000cf84                __aeabi_l2f
                0x0000cf84                __floatdisf
 .text          0x0000d000      0x2a0 c:/fehqt/proteus/gcc/bin/../lib/gcc/arm-none-eabi/4.6.2/armv7e-m\libgcc.a(_arm_muldivsf3.o)
                0x0000d000                __mulsf3
                0x0000d000                __aeabi_fmul
                0x0000d168                __aeabi_fdiv
                0x0000d168                __divsf3
 .text          0x0000d2a0       0xec c:/fehqt/proteus/gcc/bin/../lib/gcc/arm-none-eabi/4.6.2/armv7e-m\libgcc.a(_arm_cmpsf2.o)
                0x0000d2a0                __gesf2
                0x0000d2a0                __gtsf2
                0x0000d2a8                __lesf2
                0x0000d2a8                __ltsf2
                0x0000d2b0                __nesf2
                0x0000d2b0                __eqsf2
                0x0000d2b0                __cmpsf2
                0x0000d310                __aeabi_cfrcmple
                0x0000d318                __aeabi_cfcmpeq
                0x0000d318                __aeabi_cfcmple
                0x0000d328                __aeabi_fcmpeq
                0x0000d33c                __aeabi_fcmplt
                0x0000d350                __aeabi_fcmple
                0x0000d364                __aeabi_fcmpge
                0x0000d378                __aeabi_fcmpgt
 .text          0x0000d38c       0x4c c:/fehqt/proteus/gcc/bin/../lib/gcc/arm-none-eabi/4.6.2/armv7e-m\libgcc.a(_arm_fixsfsi.o)
                0x0000d38c                __aeabi_f2iz
                0x0000d38c                __fixsfsi
 *(.text*)
 .text._Z16nGetCenteredXPosPcii
                0x0000d3d8       0x48 ..\main.o
                0x0000d3d8                nGetCenteredXPos(char*, int, int)
 .text._Z21writeCenteredTextLinePci
                0x0000d420       0x38 ..\main.o
                0x0000d420                writeCenteredTextLine(char*, int)
 .text._Z21writeCenteredTextLinePciii
                0x0000d458       0x38 ..\main.o
                0x0000d458                writeCenteredTextLine(char*, int, int, int)
 .text._Z21writeCenteredTextLinefiii
                0x0000d490       0x34 ..\main.o
                0x0000d490                writeCenteredTextLine(float, int, int, int)
 .text._Z13eraseTextLineiii
                0x0000d4c4       0x54 ..\main.o
                0x0000d4c4                eraseTextLine(int, int, int)
 .text._Z11sprintfloatPcf
                0x0000d518       0xd8 ..\main.o
                0x0000d518                sprintfloat(char*, float)
 .text._Z14updateRunStatei
                0x0000d5f0       0x84 ..\main.o
                0x0000d5f0                updateRunState(int)
 .text._Z16displayTelemetryPA13_cPfi
                0x0000d674       0x90 ..\main.o
                0x0000d674                displayTelemetry(char (*) [13], float*, int)
 .text._Z19waitForConfirmationv
                0x0000d704       0xd8 ..\main.o
                0x0000d704                waitForConfirmation()
 .text._Z12waitForStartv
                0x0000d7dc      0x1a8 ..\main.o
                0x0000d7dc                waitForStart()
 .text._ZSt4fabsf
                0x0000d984       0x1c ..\main.o
                0x0000d984                std::fabs(float)
 .text._ZSt3absf
                0x0000d9a0       0x1c ..\main.o
                0x0000d9a0                std::abs(float)
 .text._Z13setMotorSpeedf
                0x0000d9bc       0x2c ..\main.o
                0x0000d9bc                setMotorSpeed(float)
 .text._Z13setMotorSpeedff
                0x0000d9e8       0x30 ..\main.o
                0x0000d9e8                setMotorSpeed(float, float)
 .text._Z9rampSpeedffff
                0x0000da18       0xd0 ..\main.o
                0x0000da18                rampSpeed(float, float, float, float)
 .text._Z17followUntilBumpedffffb
                0x0000dae8      0x528 ..\main.o
                0x0000dae8                followUntilBumped(float, float, float, float, bool)
 .text._Z14driveUntilLineffffb
                0x0000e010      0x410 ..\main.o
                0x0000e010                driveUntilLine(float, float, float, float, bool)
 .text._Z13driveUntilCDSf
                0x0000e420      0x328 ..\main.o
                0x0000e420                driveUntilCDS(float)
 .text._Z11driveClicksfff
                0x0000e748      0x2c4 ..\main.o
                0x0000e748                driveClicks(float, float, float)
 *fill*         0x0000ea0c        0x4 00
 .text._Z11driveInchesfff
                0x0000ea10       0x60 ..\main.o
                0x0000ea10                driveInches(float, float, float)
 .text._Z9driveTimeif
                0x0000ea70       0x34 ..\main.o
                0x0000ea70                driveTime(int, float)
 *fill*         0x0000eaa4        0x4 00
 .text._Z11turnToAnglefff
                0x0000eaa8      0x328 ..\main.o
                0x0000eaa8                turnToAngle(float, float, float)
 .text.main     0x0000edd0       0xa8 ..\main.o
                0x0000edd0                main
 .text._ZSt4fabsIiENSt15__ewl_enable_ifIXsrSt17__ewl_is_integralIT_E5valueEdE4typeES2_
                0x0000ee78       0x28 ..\main.o
                0x0000ee78                std::__ewl_enable_if<std::__ewl_is_integral<int>::value, double>::type std::fabs<int>(int)
 .text._Z41__static_initialization_and_destruction_0ii
                0x0000eea0       0xfc ..\main.o
 .text._GLOBAL__sub_I_leftSensor
                0x0000ef9c       0x14 ..\main.o
 .text.zero_fill_bss
                0x0000efb0       0x34 Startup\__arm_start.o
 .text.__thumb_startup
                0x0000efe4       0x34 Startup\__arm_start.o
                0x0000efe4                __thumb_startup
 .text.InitFEHProteus
                0x0000f018      0x15c Startup\__arm_start.o
                0x0000f018                InitFEHProteus
 .text.pll_init_bl
                0x0000f174      0x130 Startup\__arm_start.o
 .text.InitPowerButton
                0x0000f2a4       0x90 Startup\__arm_start.o
                0x0000f2a4                InitPowerButton
 .text._ExitProcess
                0x0000f334        0xc Startup\__arm_end.o
                0x0000f334                _ExitProcess
 .text.Default_Handler
                0x0000f340        0xc Startup\kinetis_sysinit.o
                0x0000f340                BusFault_Handler()
                0x0000f340                HardFault_Handler()
                0x0000f340                SysTick_Handler()
                0x0000f340                PendSV_Handler()
                0x0000f340                DebugMonitor_Handler()
                0x0000f340                MemManage_Handler()
                0x0000f340                NMI_Handler()
                0x0000f340                SVC_Handler()
                0x0000f340                Default_Handler
                0x0000f340                UsageFault_Handler()
 .text.__init_hardware
                0x0000f34c       0x44 Startup\kinetis_sysinit.o
                0x0000f34c                __init_hardware
 .text._Z8PortDISRv
                0x0000f390       0x64 Startup\kinetis_sysinit.o
                0x0000f390                PortDISR()
 *fill*         0x0000f3f4        0x4 00
 .text._ZN8FEHMotorC2ENS_12FEHMotorPortEf
                0x0000f3f8       0xb0 Libraries\FEHMotor.o
                0x0000f3f8                FEHMotor::FEHMotor(FEHMotor::FEHMotorPort, float)
                0x0000f3f8                FEHMotor::FEHMotor(FEHMotor::FEHMotorPort, float)
 .text._ZN8FEHMotor8SetPowerEi
                0x0000f4a8       0x60 Libraries\FEHMotor.o
                0x0000f4a8                FEHMotor::SetPower(int)
 .text._ZN8FEHMotor10SetPercentEf
                0x0000f508      0x158 Libraries\FEHMotor.o
                0x0000f508                FEHMotor::SetPercent(float)
 .text._Z21IIC_StartTransmissionhh
                0x0000f660       0x98 Drivers\i2c.o
                0x0000f660                IIC_StartTransmission(unsigned char, unsigned char)
 .text._Z5Pausev
                0x0000f6f8       0x34 Drivers\i2c.o
                0x0000f6f8                Pause()
 .text._Z21MMA8451QWriteRegisterhh
                0x0000f72c      0x12c Drivers\i2c.o
                0x0000f72c                MMA8451QWriteRegister(unsigned char, unsigned char)
 .text._Z12SPI_SendCharh
                0x0000f858       0x1c Drivers\spi.o
                0x0000f858                SPI_SendChar(unsigned char)
 .text._Z16SPI_WriteCommandhh
                0x0000f874       0x34 Drivers\spi.o
                0x0000f874                SPI_WriteCommand(unsigned char, unsigned char)
 .text._Z11SPI_GetCharv
                0x0000f8a8       0x14 Drivers\spi.o
                0x0000f8a8                SPI_GetChar()
 .text._Z15SPI_ReadCommandh
                0x0000f8bc       0x3c Drivers\spi.o
                0x0000f8bc                SPI_ReadCommand(unsigned char)
 .text._Z13SPI_CS_Assertv
                0x0000f8f8       0x24 Drivers\spi.o
                0x0000f8f8                SPI_CS_Assert()
 .text._Z15SPI_CS_Deassertv
                0x0000f91c       0x24 Drivers\spi.o
                0x0000f91c                SPI_CS_Deassert()
 .text._Z12SPI_Transferh
                0x0000f940       0x88 Drivers\spi.o
                0x0000f940                SPI_Transfer(unsigned char)
 .text._Z8SPI_Initv
                0x0000f9c8       0xe8 Drivers\spi.o
                0x0000f9c8                SPI_Init()
 .text._Z9uart_initPV11UART_MemMapii
                0x0000fab0      0x20c Drivers\uart.o
                0x0000fab0                uart_init(UART_MemMap volatile*, int, int)
 .text._Z12uart_getcharPV11UART_MemMap
                0x0000fcbc       0x34 Drivers\uart.o
                0x0000fcbc                uart_getchar(UART_MemMap volatile*)
 .text._Z12uart_putcharPV11UART_MemMapc
                0x0000fcf0       0x38 Drivers\uart.o
                0x0000fcf0                uart_putchar(UART_MemMap volatile*, char)
 .text._ZL7mem_setPvij
                0x0000fd28       0x44 Drivers\ff.o
 .text._ZL11move_windowP5FATFSm
                0x0000fd6c       0xf0 Drivers\ff.o
 .text._ZL4syncP5FATFS
                0x0000fe5c      0x188 Drivers\ff.o
 .text._ZL8validateP5FATFSt
                0x0000ffe4       0x54 Drivers\ff.o
 .text._Z6f_syncP3FIL
                0x00010038      0x1c0 Drivers\ff.o
                0x00010038                f_sync(FIL*)
 .text._Z7f_closeP3FIL
                0x000101f8       0x2c Drivers\ff.o
                0x000101f8                f_close(FIL*)
 .text._ZL17SDHC_set_baudratemm
                0x00010224      0x14c Drivers\SDHC.o
 .text._Z9SDHC_initP17esdhc_info_structPK17esdhc_init_struct
                0x00010370      0x1c4 Drivers\SDHC.o
                0x00010370                SDHC_init(esdhc_info_struct*, esdhc_init_struct const*)
 .text._ZL15SDHC_is_runningv
                0x00010534       0x28 Drivers\SDHC.o
 .text._ZL16SDHC_status_waitm
                0x0001055c       0x38 Drivers\SDHC.o
 .text._ZL17SDHC_send_commandP20esdhc_command_struct
                0x00010594      0x2a0 Drivers\SDHC.o
 .text._Z10SDHC_ioctlmPv
                0x00010834      0x978 Drivers\SDHC.o
                0x00010834                SDHC_ioctl(unsigned long, void*)
 .text._ZL14rcvr_datablockPhm
                0x000111ac      0x134 Drivers\SDHC.o
 .text._Z9disk_readhPhmh
                0x000112e0      0x13c Drivers\SDHC.o
                0x000112e0                disk_read(unsigned char, unsigned char*, unsigned long, unsigned char)
 .text._ZL14xmit_datablockPKhm
                0x0001141c       0xe0 Drivers\SDHC.o
 .text._Z10disk_writehPKhmh
                0x000114fc      0x1cc Drivers\SDHC.o
                0x000114fc                disk_write(unsigned char, unsigned char const*, unsigned long, unsigned char)
 .text._Z10disk_ioctlhhPv
                0x000116c8      0x128 Drivers\SDHC.o
                0x000116c8                disk_ioctl(unsigned char, unsigned char, void*)
 .text._Z11disk_statush
                0x000117f0       0x30 Drivers\SDHC.o
                0x000117f0                disk_status(unsigned char)
 .text._Z13time_delay_msm
                0x00011820       0xa4 Drivers\lptmr.o
                0x00011820                time_delay_ms(unsigned long)
 .text._Z41__static_initialization_and_destruction_0ii
                0x000118c4       0x30 FEHProteus.o
 .text._GLOBAL__sub_I_Propeller
                0x000118f4       0x14 FEHProteus.o
 .text._ZN12FEHPropellerC2Ev
                0x00011908       0x20 Drivers\FEHPropeller.o
                0x00011908                FEHPropeller::FEHPropeller()
                0x00011908                FEHPropeller::FEHPropeller()
 .text._ZN12FEHPropeller10InitializeEv
                0x00011928       0x94 Drivers\FEHPropeller.o
                0x00011928                FEHPropeller::Initialize()
 .text._ZN12FEHPropeller12SetMotorRateEhhh
                0x000119bc       0x78 Drivers\FEHPropeller.o
                0x000119bc                FEHPropeller::SetMotorRate(unsigned char, unsigned char, unsigned char)
 .text._ZL5Delaymjj
                0x00011a34       0xc4 Libraries\FEHUtility.o
 .text._Z5Sleepi
                0x00011af8       0x34 Libraries\FEHUtility.o
                0x00011af8                Sleep(int)
 *fill*         0x00011b2c        0x4 00
 .text._Z5Sleepd
                0x00011b30       0x58 Libraries\FEHUtility.o
                0x00011b30                Sleep(double)
 .text._ZN15DigitalInputPinC2EN5FEHIO8FEHIOPinE
                0x00011b88       0x24 Libraries\FEHIO.o
                0x00011b88                DigitalInputPin::DigitalInputPin(FEHIO::FEHIOPin)
                0x00011b88                DigitalInputPin::DigitalInputPin(FEHIO::FEHIOPin)
 .text._ZN15DigitalInputPin10InitializeEN5FEHIO8FEHIOPinE
                0x00011bac      0x224 Libraries\FEHIO.o
                0x00011bac                DigitalInputPin::Initialize(FEHIO::FEHIOPin)
 .text._ZN15DigitalInputPin5ValueEv
                0x00011dd0      0x148 Libraries\FEHIO.o
                0x00011dd0                DigitalInputPin::Value()
 .text._ZN14DigitalEncoderC2EN5FEHIO8FEHIOPinE
                0x00011f18       0x2c Libraries\FEHIO.o
                0x00011f18                DigitalEncoder::DigitalEncoder(FEHIO::FEHIOPin)
                0x00011f18                DigitalEncoder::DigitalEncoder(FEHIO::FEHIOPin)
 .text._Z10enable_irqi
                0x00011f44      0x1cc Libraries\FEHIO.o
                0x00011f44                enable_irq(int)
 .text._ZN14DigitalEncoder10InitializeEN5FEHIO8FEHIOPinENS0_21FEHIOInterruptTriggerE
                0x00012110      0x224 Libraries\FEHIO.o
                0x00012110                DigitalEncoder::Initialize(FEHIO::FEHIOPin, FEHIO::FEHIOInterruptTrigger)
 .text._Z9portB_isrv
                0x00012334       0xd4 Libraries\FEHIO.o
                0x00012334                portB_isr()
 .text._Z9portC_isrv
                0x00012408       0xd8 Libraries\FEHIO.o
                0x00012408                portC_isr()
 .text._Z9portA_isrv
                0x000124e0       0xd8 Libraries\FEHIO.o
                0x000124e0                portA_isr()
 .text._Z9portE_isrv
                0x000125b8       0xd0 Libraries\FEHIO.o
                0x000125b8                portE_isr()
 .text._ZN14DigitalEncoder6CountsEv
                0x00012688       0x28 Libraries\FEHIO.o
                0x00012688                DigitalEncoder::Counts()
 .text._ZN14DigitalEncoder11ResetCountsEv
                0x000126b0       0x28 Libraries\FEHIO.o
                0x000126b0                DigitalEncoder::ResetCounts()
 .text._ZN14AnalogInputPinC2EN5FEHIO8FEHIOPinE
                0x000126d8       0x20 Libraries\FEHIO.o
                0x000126d8                AnalogInputPin::AnalogInputPin(FEHIO::FEHIOPin)
                0x000126d8                AnalogInputPin::AnalogInputPin(FEHIO::FEHIOPin)
 .text._ZN14AnalogInputPin5ValueEv
                0x000126f8      0x180 Libraries\FEHIO.o
                0x000126f8                AnalogInputPin::Value()
 .text._ZN13AnalogEncoder12EncoderValueEv
                0x00012878       0xe4 Libraries\FEHIO.o
                0x00012878                AnalogEncoder::EncoderValue()
 .text._ZN14AnalogInputPin8InitADCsEv
                0x0001295c      0x120 Libraries\FEHIO.o
                0x0001295c                AnalogInputPin::InitADCs()
 .text._Z8pit0_isrv
                0x00012a7c       0x34 Libraries\FEHIO.o
                0x00012a7c                pit0_isr()
 .text._ZN13AnalogEncoder4InitEv
                0x00012ab0       0x64 Libraries\FEHIO.o
                0x00012ab0                AnalogEncoder::Init()
 .text._ZN13AnalogEncoder14SetCounterInitEj
                0x00012b14       0x20 Libraries\FEHIO.o
                0x00012b14                AnalogEncoder::SetCounterInit(unsigned int)
 .text._ZN13AnalogEncoder10ProcessIntEv
                0x00012b34       0x80 Libraries\FEHIO.o
                0x00012b34                AnalogEncoder::ProcessInt()
 .text._ZN13AnalogEncoder14ProcessIntSelfEv
                0x00012bb4       0x80 Libraries\FEHIO.o
                0x00012bb4                AnalogEncoder::ProcessIntSelf()
 .text._Z7ADC_CalPV10ADC_MemMap
                0x00012c34      0x14c Drivers\adc16.o
                0x00012c34                ADC_Cal(ADC_MemMap volatile*)
 .text._Z14ADC_Config_AltPV10ADC_MemMapP7adc_cfg
                0x00012d80       0x6c Drivers\adc16.o
                0x00012d80                ADC_Config_Alt(ADC_MemMap volatile*, adc_cfg*)
 .text._ZN9FEHBuzzerC2Ev
                0x00012dec       0x18 Libraries\FEHBuzzer.o
                0x00012dec                FEHBuzzer::FEHBuzzer()
                0x00012dec                FEHBuzzer::FEHBuzzer()
 .text._Z41__static_initialization_and_destruction_0ii
                0x00012e04       0x30 Libraries\FEHBuzzer.o
 .text._GLOBAL__sub_I_Buzzer
                0x00012e34       0x14 Libraries\FEHBuzzer.o
 .text._ZN8FEHServoC2ENS_12FEHServoPortE
                0x00012e48       0x3c Libraries\FEHServo.o
                0x00012e48                FEHServo::FEHServo(FEHServo::FEHServoPort)
                0x00012e48                FEHServo::FEHServo(FEHServo::FEHServoPort)
 .text._ZN6FEHLCD11_InitializeEv
                0x00012e84      0x5dc Libraries\FEHLCD.o
                0x00012e84                FEHLCD::_Initialize()
 .text._ZN6FEHLCDC2Ev
                0x00013460       0x64 Libraries\FEHLCD.o
                0x00013460                FEHLCD::FEHLCD()
                0x00013460                FEHLCD::FEHLCD()
 .text._ZN6FEHLCD10InitializeEv
                0x000134c4       0x38 Libraries\FEHLCD.o
                0x000134c4                FEHLCD::Initialize()
 .text._ZN6FEHLCD10PrintImageEii
                0x000134fc      0x100 Libraries\FEHLCD.o
                0x000134fc                FEHLCD::PrintImage(int, int)
 .text._ZN6FEHLCD9PrintLogoEii
                0x000135fc      0x100 Libraries\FEHLCD.o
                0x000135fc                FEHLCD::PrintLogo(int, int)
 .text._ZN6FEHLCD22ConvertFEHColorTo24BitENS_11FEHLCDColorE
                0x000136fc       0x80 Libraries\FEHLCD.o
                0x000136fc                FEHLCD::ConvertFEHColorTo24Bit(FEHLCD::FEHLCDColor)
 .text._ZN6FEHLCD24Convert24BitColorTo16BitEj
                0x0001377c       0x40 Libraries\FEHLCD.o
                0x0001377c                FEHLCD::Convert24BitColorTo16Bit(unsigned int)
 .text._ZN6FEHLCD22ConvertRGBColorTo16BitEhhh
                0x000137bc       0x44 Libraries\FEHLCD.o
                0x000137bc                FEHLCD::ConvertRGBColorTo16Bit(unsigned char, unsigned char, unsigned char)
 .text._ZN6FEHLCD5ClearENS_11FEHLCDColorE
                0x00013800       0x28 Libraries\FEHLCD.o
                0x00013800                FEHLCD::Clear(FEHLCD::FEHLCDColor)
 .text._ZN6FEHLCD5ClearEj
                0x00013828       0x2c Libraries\FEHLCD.o
                0x00013828                FEHLCD::Clear(unsigned int)
 .text._ZN6FEHLCD5ClearEv
                0x00013854       0x18 Libraries\FEHLCD.o
                0x00013854                FEHLCD::Clear()
 .text._ZN6FEHLCD18SetBackgroundColorENS_11FEHLCDColorE
                0x0001386c       0x28 Libraries\FEHLCD.o
                0x0001386c                FEHLCD::SetBackgroundColor(FEHLCD::FEHLCDColor)
 .text._ZN6FEHLCD18SetBackgroundColorEj
                0x00013894       0x28 Libraries\FEHLCD.o
                0x00013894                FEHLCD::SetBackgroundColor(unsigned int)
 .text._ZN6FEHLCD12SetFontColorENS_11FEHLCDColorE
                0x000138bc       0x28 Libraries\FEHLCD.o
                0x000138bc                FEHLCD::SetFontColor(FEHLCD::FEHLCDColor)
 .text._ZN6FEHLCD12SetFontColorEj
                0x000138e4       0x28 Libraries\FEHLCD.o
                0x000138e4                FEHLCD::SetFontColor(unsigned int)
 .text._ZN6FEHLCD7WriteAtEPKcii
                0x0001390c       0x58 Libraries\FEHLCD.o
                0x0001390c                FEHLCD::WriteAt(char const*, int, int)
 .text._ZN6FEHLCD11TS_SPI_InitEv
                0x00013964       0xa8 Libraries\FEHLCD.o
                0x00013964                FEHLCD::TS_SPI_Init()
 *fill*         0x00013a0c        0x4 00
 .text._ZN6FEHLCD5TouchEPfS0_
                0x00013a10      0x240 Libraries\FEHLCD.o
                0x00013a10                FEHLCD::Touch(float*, float*)
 .text._ZN6FEHLCD3absEi
                0x00013c50       0x28 Libraries\FEHLCD.o
                0x00013c50                FEHLCD::abs(int)
 .text._ZN6FEHLCD10WriteIndexEh
                0x00013c78      0x288 Libraries\FEHLCD.o
                0x00013c78                FEHLCD::WriteIndex(unsigned char)
 .text._ZN6FEHLCD14WriteParameterEh
                0x00013f00      0x254 Libraries\FEHLCD.o
                0x00013f00                FEHLCD::WriteParameter(unsigned char)
 .text._ZN6FEHLCD6_ClearEv
                0x00014154      0x228 Libraries\FEHLCD.o
                0x00014154                FEHLCD::_Clear()
 .text._ZN6FEHLCD8NextLineEv
                0x0001437c       0x30 Libraries\FEHLCD.o
                0x0001437c                FEHLCD::NextLine()
 .text._ZN6FEHLCD9CheckLineEv
                0x000143ac       0x2c Libraries\FEHLCD.o
                0x000143ac                FEHLCD::CheckLine()
 .text._ZN6FEHLCD13SetDrawRegionEiiii
                0x000143d8      0x10c Libraries\FEHLCD.o
                0x000143d8                FEHLCD::SetDrawRegion(int, int, int, int)
 .text._ZN6FEHLCD13FillRectangleEiiii
                0x000144e4       0x5c Libraries\FEHLCD.o
                0x000144e4                FEHLCD::FillRectangle(int, int, int, int)
 .text._ZN6FEHLCD11WriteCharAtEiic
                0x00014540      0x278 Libraries\FEHLCD.o
                0x00014540                FEHLCD::WriteCharAt(int, int, char)
 .text._ZN6FEHLCD11RepeatColorEv
                0x000147b8       0xbc Libraries\FEHLCD.o
                0x000147b8                FEHLCD::RepeatColor()
 .text._ZN6FEHLCD10_ForePixelEv
                0x00014874      0x160 Libraries\FEHLCD.o
                0x00014874                FEHLCD::_ForePixel()
 .text._ZN6FEHLCD10_BackPixelEv
                0x000149d4      0x160 Libraries\FEHLCD.o
                0x000149d4                FEHLCD::_BackPixel()
 .text._ZN6FEHLCD22SetRegisterColorValuesEv
                0x00014b34      0x4c0 Libraries\FEHLCD.o
                0x00014b34                FEHLCD::SetRegisterColorValues()
 .text._Z41__static_initialization_and_destruction_0ii
                0x00014ff4       0x30 Libraries\FEHLCD.o
 .text._GLOBAL__sub_I_image
                0x00015024       0x14 Libraries\FEHLCD.o
 .text._ZN8FEHAccelC2Ev
                0x00015038       0x8c Libraries\FEHAccel.o
                0x00015038                FEHAccel::FEHAccel()
                0x00015038                FEHAccel::FEHAccel()
 .text._Z41__static_initialization_and_destruction_0ii
                0x000150c4       0x30 Libraries\FEHAccel.o
 .text._GLOBAL__sub_I_Accel
                0x000150f4       0x14 Libraries\FEHAccel.o
 .text._ZN10FEHBattery7VoltageEv
                0x00015108       0x38 Libraries\FEHBattery.o
                0x00015108                FEHBattery::Voltage()
 .text._ZN10FEHBatteryC2EN5FEHIO8FEHIOPinE
                0x00015140       0x24 Libraries\FEHBattery.o
                0x00015140                FEHBattery::FEHBattery(FEHIO::FEHIOPin)
                0x00015140                FEHBattery::FEHBattery(FEHIO::FEHIOPin)
 .text._Z41__static_initialization_and_destruction_0ii
                0x00015164       0x34 Libraries\FEHBattery.o
 .text._GLOBAL__sub_I_Battery
                0x00015198       0x14 Libraries\FEHBattery.o
 .text._ZN7FEHXBeeC2Ev
                0x000151ac       0x20 Drivers\FEHXBee.o
                0x000151ac                FEHXBee::FEHXBee()
                0x000151ac                FEHXBee::FEHXBee()
 .text._ZN7FEHXBee17SetPacketCallBackEPFvPhhE
                0x000151cc       0x20 Drivers\FEHXBee.o
                0x000151cc                FEHXBee::SetPacketCallBack(void (*)(unsigned char*, unsigned char))
 .text._Z9UART0_ISRv
                0x000151ec      0x174 Drivers\FEHXBee.o
                0x000151ec                UART0_ISR()
 .text._ZN6FEHRPSC2Ev
                0x00015360       0x88 Libraries\FEHRPS.o
                0x00015360                FEHRPS::FEHRPS()
                0x00015360                FEHRPS::FEHRPS()
 .text._Z14RPSDataProcessPhh
                0x000153e8      0x18c Libraries\FEHRPS.o
                0x000153e8                RPSDataProcess(unsigned char*, unsigned char)
 .text._Z41__static_initialization_and_destruction_0ii
                0x00015574       0x30 Libraries\FEHRPS.o
 .text._GLOBAL__sub_I_RPS
                0x000155a4       0x14 Libraries\FEHRPS.o
 .text._ZN5FEHSDC2Ev
                0x000155b8       0x24 Libraries\FEHSD.o
                0x000155b8                FEHSD::FEHSD()
                0x000155b8                FEHSD::FEHSD()
 .text._ZN5FEHSD8CloseLogEv
                0x000155dc       0x38 Libraries\FEHSD.o
                0x000155dc                FEHSD::CloseLog()
 .text._Z41__static_initialization_and_destruction_0ii
                0x00015614       0x30 Libraries\FEHSD.o
 .text._GLOBAL__sub_I_SD
                0x00015644       0x14 Libraries\FEHSD.o
 .text.sin      0x00015658       0x90 C:\fehqt\Proteus/EWL/lib/armv7e-m\libm.a(s_sin.o)
                0x00015658                sin
 .text.__ieee754_rem_pio2
                0x000156e8      0x3f8 C:\fehqt\Proteus/EWL/lib/armv7e-m\libm.a(e_rem_pio2.o)
                0x000156e8                __ieee754_rem_pio2
 .text.__kernel_cos
                0x00015ae0      0x1e0 C:\fehqt\Proteus/EWL/lib/armv7e-m\libm.a(k_cos.o)
                0x00015ae0                __kernel_cos
 .text.__kernel_rem_pio2
                0x00015cc0      0x674 C:\fehqt\Proteus/EWL/lib/armv7e-m\libm.a(k_rem_pio2.o)
                0x00015cc0                __kernel_rem_pio2
 *fill*         0x00016334        0x4 00
 .text.__kernel_sin
                0x00016338      0x180 C:\fehqt\Proteus/EWL/lib/armv7e-m\libm.a(k_sin.o)
                0x00016338                __kernel_sin
 .text.floor    0x000164b8      0x118 C:\fehqt\Proteus/EWL/lib/armv7e-m\libm.a(s_floor.o)
                0x000164b8                floor
 .text.scalbn   0x000165d0       0x18 C:\fehqt\Proteus/EWL/lib/armv7e-m\libm.a(scalbn.o)
                0x000165d0                scalbn
 .text.frexp    0x000165e8       0x70 C:\fehqt\Proteus/EWL/lib/armv7e-m\libm.a(s_frexp.o)
                0x000165e8                frexp
 .text.ldexp    0x00016658      0x140 C:\fehqt\Proteus/EWL/lib/armv7e-m\libm.a(s_ldexp.o)
                0x00016658                ldexp
 .text.__fpclassifyd
                0x00016798       0x3c C:\fehqt\Proteus/EWL/lib/armv7e-m\libm.a(math_api.o)
                0x00016798                __fpclassifyd
 .text.sprintf  0x000167d4       0x1c C:\fehqt\Proteus/EWL/lib/armv7e-m\libc.a(sprintf.o)
                0x000167d4                sprintf
 .text.__StringWrite
                0x000167f0       0x28 C:\fehqt\Proteus/EWL/lib/armv7e-m\libc.a(vsnprintf.o)
                0x000167f0                __StringWrite
 .text.vsnprintf
                0x00016818       0x34 C:\fehqt\Proteus/EWL/lib/armv7e-m\libc.a(vsnprintf.o)
                0x00016818                vsnprintf
 .text.exit     0x0001684c       0x38 C:\fehqt\Proteus/EWL/lib/armv7e-m\libc.a(exit.o)
                0x0001684c                exit
 .text.memcpy   0x00016884       0x12 C:\fehqt\Proteus/EWL/lib/armv7e-m\libc.a(memcpy.o)
                0x00016884                memcpy
 .text.memset   0x00016896        0xc C:\fehqt\Proteus/EWL/lib/armv7e-m\libc.a(memset.o)
                0x00016896                memset
 .text.strlen   0x000168a2       0x10 C:\fehqt\Proteus/EWL/lib/armv7e-m\libc.a(strlen.o)
                0x000168a2                strlen
 .text.long2str.isra.0
                0x000168b2      0x196 C:\fehqt\Proteus/EWL/lib/armv7e-m\libc.a(printformat_.o)
 .text.__pformatter_
                0x00016a48      0x3f8 C:\fehqt\Proteus/EWL/lib/armv7e-m\libc.a(printformat_.o)
                0x00016a48                __pformatter_
 .text.__sformatter
                0x00016e40      0x74e C:\fehqt\Proteus/EWL/lib/armv7e-m\libc.a(scanformat_.o)
                0x00016e40                __sformatter
 *fill*         0x0001758e        0x2 00
 .text.isalpha  0x00017590       0x1c C:\fehqt\Proteus/EWL/lib/armv7e-m\libc.a(ctype_aeabi.o)
                0x00017590                isalpha
 .text.isspace  0x000175ac       0x1c C:\fehqt\Proteus/EWL/lib/armv7e-m\libc.a(ctype_aeabi.o)
                0x000175ac                isspace
 .text.toupper  0x000175c8        0xc C:\fehqt\Proteus/EWL/lib/armv7e-m\libc.a(ctype_aeabi.o)
                0x000175c8                toupper
 .text.__strtoul
                0x000175d4      0x1dc C:\fehqt\Proteus/EWL/lib/armv7e-m\libc.a(__strtoul.o)
                0x000175d4                __strtoul
 .text.__fill_mem
                0x000177b0       0x76 C:\fehqt\Proteus/EWL/lib/armv7e-m\libc.a(__filll_mem.o)
                0x000177b0                __fill_mem
 .text.memchr   0x00017826       0x1a C:\fehqt\Proteus/EWL/lib/armv7e-m\libc.a(memchr.o)
                0x00017826                memchr
 .text.strchr   0x00017840       0x1c C:\fehqt\Proteus/EWL/lib/armv7e-m\libc.a(strchr.o)
                0x00017840                strchr
 .text.__init_cpp
                0x0001785c       0x4c C:\fehqt\Proteus/EWL/lib/armv7e-m\librt.a(gcc_ctor_dtor.o)
                0x0001785c                __init_cpp
 .text.__fini_cpp
                0x000178a8       0x34 C:\fehqt\Proteus/EWL/lib/armv7e-m\librt.a(gcc_ctor_dtor.o)
                0x000178a8                __fini_cpp
 .text.__copy_rom_section
                0x000178dc       0x44 C:\fehqt\Proteus/EWL/lib/armv7e-m\librt.a(ROMCopy.o)
                0x000178dc                __copy_rom_section
 .text.__copy_rom_sections_to_ram
                0x00017920       0x34 C:\fehqt\Proteus/EWL/lib/armv7e-m\librt.a(ROMCopy.o)
                0x00017920                __copy_rom_sections_to_ram
 .text.__destroy_global_chain
                0x00017954       0x1c C:\fehqt\Proteus/EWL/lib/armv7e-m\librt.a(__arm_eabi_init.o)
                0x00017954                __destroy_global_chain
 .text.__init_registers
                0x00017970       0x20 C:\fehqt\Proteus/EWL/lib/armv7e-m\librt.a(__arm_eabi_init.o)
                0x00017970                __init_registers
 .text.__init_user
                0x00017990        0x4 C:\fehqt\Proteus/EWL/lib/armv7e-m\librt.a(__arm_eabi_init.o)
                0x00017990                __init_user
 *(.rodata)
 .rodata        0x00017994      0x258 ..\main.o
 .rodata        0x00017bec       0x78 Libraries\FEHIO.o
 .rodata        0x00017c64       0x34 Libraries\FEHLCD.o
 *(.rodata*)
 .rodata.K60_SDHC0_init
                0x00017c98        0xc Drivers\SDHC.o
                0x00017c98                K60_SDHC0_init
 .rodata._ZL21ESDHC_COMMAND_XFERTYP
                0x00017ca4      0x100 Drivers\SDHC.o
 .rodata._ZL9GPIOPorts
                0x00017da4       0x20 Libraries\FEHIO.o
 .rodata._ZL10ADCNumbers
                0x00017dc4       0x24 Libraries\FEHIO.o
 .rodata._ZL14GPIOPinNumbers
                0x00017de8       0x80 Libraries\FEHIO.o
 .rodata._ZL16AnalogPinNumbers
                0x00017e68       0x84 Libraries\FEHIO.o
 .rodata.npio2_hw
                0x00017eec       0x80 C:\fehqt\Proteus/EWL/lib/armv7e-m\libm.a(e_rem_pio2.o)
 .rodata.two_over_pi
                0x00017f6c      0x108 C:\fehqt\Proteus/EWL/lib/armv7e-m\libm.a(e_rem_pio2.o)
 .rodata.init_jk
                0x00018074       0x10 C:\fehqt\Proteus/EWL/lib/armv7e-m\libm.a(k_rem_pio2.o)
 *fill*         0x00018084        0x4 00
 .rodata.PIo2   0x00018088       0x40 C:\fehqt\Proteus/EWL/lib/armv7e-m\libm.a(k_rem_pio2.o)
 .rodata.str1.1
                0x000180c8        0x1 C:\fehqt\Proteus/EWL/lib/armv7e-m\libc.a(printformat_.o)
 .rodata.__aeabi_ctype_table_C
                0x000180c9      0x101 C:\fehqt\Proteus/EWL/lib/armv7e-m\libc.a(ctype_aeabi.o)
                0x000180c9                __aeabi_ctype_table_C
 *(.glue_7)
 .glue_7        0x00000000        0x0 linker stubs
 *(.glue_7t)
 .glue_7t       0x00000000        0x0 linker stubs
 *(.eh_frame)
 *(.init)
 *(.fini)
                0x000181cc                . = ALIGN (0x4)
 *fill*         0x000181ca        0x2 00
                0x000181cc                _etext = .

.vfp11_veneer   0x000181cc        0x0
 .vfp11_veneer  0x00000000        0x0 linker stubs

.v4_bx          0x000181cc        0x0
 .v4_bx         0x00000000        0x0 linker stubs

.ARM.extab
 *(.ARM.extab* .gnu.linkonce.armextab.*)

.ARM            0x000181cc        0x0
                0x000181cc                __exidx_start = .
 *(.ARM.exidx*)
                0x000181cc                __exidx_end = .

.ctors          0x000181cc        0x0
                0x000181cc                __CTOR_LIST__ = .
 *crtbegin.o(.ctors)
 *(EXCLUDE_FILE(*crtend.o) .ctors)
 *(SORT(.ctors.*))
 *(.ctors)
                0x000181cc                __CTOR_END__ = .

.dtors          0x000181cc        0x0
                0x000181cc                __DTOR_LIST__ = .
 *crtbegin.o(.dtors)
 *(EXCLUDE_FILE(*crtend.o) .dtors)
 *(SORT(.dtors.*))
 *(.dtors)
                0x000181cc                __DTOR_END__ = .

.preinit_array  0x000181cc        0x0
                0x000181cc                PROVIDE (__preinit_array_start, .)
 *(.preinit_array*)
                0x000181cc                PROVIDE (__preinit_array_end, .)

.init_array     0x000181cc       0x20
                0x000181cc                PROVIDE (__init_array_start, .)
 *(SORT(.init_array.*))
 *(.init_array*)
 .init_array    0x000181cc        0x4 ..\main.o
 .init_array    0x000181d0        0x4 FEHProteus.o
 .init_array    0x000181d4        0x4 Libraries\FEHBuzzer.o
 .init_array    0x000181d8        0x4 Libraries\FEHLCD.o
 .init_array    0x000181dc        0x4 Libraries\FEHAccel.o
 .init_array    0x000181e0        0x4 Libraries\FEHBattery.o
 .init_array    0x000181e4        0x4 Libraries\FEHRPS.o
 .init_array    0x000181e8        0x4 Libraries\FEHSD.o
                0x000181ec                PROVIDE (__init_array_end, .)

.fini_array     0x000181ec        0x0
                0x000181ec                PROVIDE (__fini_array_start, .)
 *(SORT(.fini_array.*))
 *(.fini_array*)
                0x000181ec                PROVIDE (__fini_array_end, .)
                0x000181ec                ___ROM_AT = .

.data           0x1fff0400      0xd1c load address 0x000181ec
                0x1fff0400                . = ALIGN (0x4)
                0x1fff0400                _sdata = .
 *(.data)
 *(.data*)
 .data.gLightColor
                0x1fff0400        0x1 ..\main.o
                0x1fff0400                gLightColor
 .data._ZL4Stat
                0x1fff0401        0x1 Drivers\SDHC.o
 *fill*         0x1fff0402        0x2 00
 .data.image    0x1fff0404      0x750 Libraries\FEHLCD.o
                0x1fff0404                image
 .data.logo     0x1fff0b54      0x3e8 Libraries\FEHLCD.o
                0x1fff0b54                logo
 .data._ZN6FEHLCD8fontDataE
                0x1fff0f3c      0x1e0 Libraries\FEHLCD.o
                0x1fff0f3c                FEHLCD::fontData
                0x1fff111c                . = ALIGN (0x4)
                0x1fff111c                _edata = .
                0x00000d1c                ___data_size = (_edata - _sdata)
                0x00018f08                ___m_data2_ROMStart = (___ROM_AT + SIZEOF (.data))

.user_data2     0x20000000        0x0 load address 0x00018f08
                0x20000000                . = ALIGN (0x4)
                0x20000000                ___m_data2_RAMStart = .
 *(.data2)
                0x20000000                ___m_data2_RAMEnd = .
                0x20000000                . = ALIGN (0x4)
                0x00000000                ___m_data2_ROMSize = (___m_data2_RAMEnd - ___m_data2_RAMStart)
                0x20000000                . = ALIGN (0x4)

.bss            0x1fff111c      0x5f4 load address 0x00018f08
                0x1fff111c                __START_BSS = .
                0x1fff111c                PROVIDE (__bss_start__, __START_BSS)
 *(.bss)
 *(.bss*)
 .bss.leftSensor
                0x1fff111c        0x4 ..\main.o
                0x1fff111c                leftSensor
 .bss.middleSensor
                0x1fff1120        0x4 ..\main.o
                0x1fff1120                middleSensor
 .bss.rightSensor
                0x1fff1124        0x4 ..\main.o
                0x1fff1124                rightSensor
 .bss.cdsCell   0x1fff1128        0x4 ..\main.o
                0x1fff1128                cdsCell
 .bss.leftFrontButton
                0x1fff112c        0x4 ..\main.o
                0x1fff112c                leftFrontButton
 .bss.rightFrontButton
                0x1fff1130        0x4 ..\main.o
                0x1fff1130                rightFrontButton
 .bss.rightBackButton
                0x1fff1134        0x4 ..\main.o
                0x1fff1134                rightBackButton
 .bss.leftBackButton
                0x1fff1138        0x4 ..\main.o
                0x1fff1138                leftBackButton
 .bss.rightEncoder
                0x1fff113c        0x4 ..\main.o
                0x1fff113c                rightEncoder
 .bss.leftEncoder
                0x1fff1140        0x4 ..\main.o
                0x1fff1140                leftEncoder
 .bss.servo     0x1fff1144        0xc ..\main.o
                0x1fff1144                servo
 .bss.rightMotor
                0x1fff1150        0x8 ..\main.o
                0x1fff1150                rightMotor
 .bss.leftMotor
                0x1fff1158        0x8 ..\main.o
                0x1fff1158                leftMotor
 .bss._ZL4argv  0x1fff1160        0x4 Startup\__arm_start.o
 .bss.MasterTransmission
                0x1fff1164        0x1 Drivers\i2c.o
                0x1fff1164                MasterTransmission
 .bss.SlaveID   0x1fff1165        0x1 Drivers\i2c.o
                0x1fff1165                SlaveID
 *fill*         0x1fff1166        0x2 00
 .bss.SDHC_Card
                0x1fff1168       0x14 Drivers\SDHC.o
                0x1fff1168                SDHC_Card
 .bss.SDHC_Info
                0x1fff117c      0x204 Drivers\SDHC.o
                0x1fff117c                SDHC_Info
 .bss.SDHC_Device
                0x1fff1380        0x8 Drivers\SDHC.o
                0x1fff1380                SDHC_Device
 .bss.Propeller
                0x1fff1388        0x4 FEHProteus.o
                0x1fff1388                Propeller
 .bss.CoreClockKHz
                0x1fff138c        0x4 FEHProteus.o
                0x1fff138c                CoreClockKHz
 .bss.CoreClockMHz
                0x1fff1390        0x4 FEHProteus.o
                0x1fff1390                CoreClockMHz
 .bss.PeripheralClockKHz
                0x1fff1394        0x4 FEHProteus.o
                0x1fff1394                PeripheralClockKHz
 .bss._ZN14AnalogInputPin17Master_Adc_ConfigE
                0x1fff1398       0x10 Libraries\FEHIO.o
                0x1fff1398                AnalogInputPin::Master_Adc_Config
 .bss._ZN14AnalogInputPin18Encoder_Adc_ConfigE
                0x1fff13a8       0x10 Libraries\FEHIO.o
                0x1fff13a8                AnalogInputPin::Encoder_Adc_Config
 .bss.interrupt_counts
                0x1fff13b8       0x80 Libraries\FEHIO.o
                0x1fff13b8                interrupt_counts
 .bss._ZN13AnalogEncoder7pinListE
                0x1fff1438        0x4 Libraries\FEHIO.o
                0x1fff1438                AnalogEncoder::pinList
 .bss.__interrupt_counter
                0x1fff143c        0x4 Libraries\FEHIO.o
                0x1fff143c                __interrupt_counter
 .bss.Buzzer    0x1fff1440        0x4 Libraries\FEHBuzzer.o
                0x1fff1440                Buzzer
 .bss.LCD       0x1fff1444       0x44 Libraries\FEHLCD.o
                0x1fff1444                LCD
 .bss.initialized
                0x1fff1488        0x1 Libraries\FEHLCD.o
                0x1fff1488                initialized
 *fill*         0x1fff1489        0x3 00
 .bss.Accel     0x1fff148c        0x4 Libraries\FEHAccel.o
                0x1fff148c                Accel
 .bss.Battery   0x1fff1490        0x4 Libraries\FEHBattery.o
                0x1fff1490                Battery
 .bss.XBeeDataProcess
                0x1fff1494        0x4 Drivers\FEHXBee.o
                0x1fff1494                XBeeDataProcess
 .bss._xbeebuffer
                0x1fff1498       0x10 Drivers\FEHXBee.o
                0x1fff1498                _xbeebuffer
 .bss._xbeebufferindex
                0x1fff14a8        0x1 Drivers\FEHXBee.o
                0x1fff14a8                _xbeebufferindex
 .bss._xbeestate
                0x1fff14a9        0x1 Drivers\FEHXBee.o
                0x1fff14a9                _xbeestate
 .bss._xbeebytereceived
                0x1fff14aa        0x1 Drivers\FEHXBee.o
                0x1fff14aa                _xbeebytereceived
 .bss._xbeebyte
                0x1fff14ab        0x1 Drivers\FEHXBee.o
                0x1fff14ab                _xbeebyte
 .bss.RPS       0x1fff14ac        0x8 Libraries\FEHRPS.o
                0x1fff14ac                RPS
 .bss._enabled  0x1fff14b4        0x1 Libraries\FEHRPS.o
                0x1fff14b4                _enabled
 *fill*         0x1fff14b5        0x3 00
 .bss._RPS_x    0x1fff14b8        0x4 Libraries\FEHRPS.o
                0x1fff14b8                _RPS_x
 .bss._RPS_y    0x1fff14bc        0x4 Libraries\FEHRPS.o
                0x1fff14bc                _RPS_y
 .bss._RPS_heading
                0x1fff14c0        0x4 Libraries\FEHRPS.o
                0x1fff14c0                _RPS_heading
 .bss._RPS_objective
                0x1fff14c4        0x4 Libraries\FEHRPS.o
                0x1fff14c4                _RPS_objective
 .bss._RPS_time
                0x1fff14c8        0x1 Libraries\FEHRPS.o
                0x1fff14c8                _RPS_time
 .bss._RPS_stop
                0x1fff14c9        0x1 Libraries\FEHRPS.o
                0x1fff14c9                _RPS_stop
 .bss._RPS_foundpacket
                0x1fff14ca        0x1 Libraries\FEHRPS.o
                0x1fff14ca                _RPS_foundpacket
 *fill*         0x1fff14cb        0x1 00
 .bss.SD        0x1fff14cc        0x4 Libraries\FEHSD.o
                0x1fff14cc                SD
 .bss.logfil    0x1fff14d0      0x228 Libraries\FEHSD.o
                0x1fff14d0                logfil
 .bss.__stdio_exit
                0x1fff16f8        0x4 C:\fehqt\Proteus/EWL/lib/armv7e-m\libc.a(exit.o)
                0x1fff16f8                __stdio_exit
 .bss.__console_exit
                0x1fff16fc        0x4 C:\fehqt\Proteus/EWL/lib/armv7e-m\libc.a(exit.o)
                0x1fff16fc                __console_exit
 .bss.__S_romp  0x1fff1700        0xc C:\fehqt\Proteus/EWL/lib/armv7e-m\librt.a(ROMCopy.o)
 .bss.__global_destructor_chain
                0x1fff170c        0x4 C:\fehqt\Proteus/EWL/lib/armv7e-m\librt.a(__arm_eabi_init.o)
                0x1fff170c                __global_destructor_chain
 *(COMMON)
                0x1fff1710                . = ALIGN (0x4)
                0x1fff1710                __END_BSS = .
                0x1fff1710                PROVIDE (__bss_end__, __END_BSS)

._user_heap_stack
                0x1fff1710     0x1000 load address 0x000194fc
                0x1fff1710                . = ALIGN (0x4)
                0x1fff1710                PROVIDE (end, .)
                0x1fff1710                PROVIDE (_end, .)
                0x1fff1710                __heap_addr = .
                0x1fff1f10                . = (. + __heap_size)
 *fill*         0x1fff1710      0x800 00
                0x1fff2710                . = (. + __stack_size)
 *fill*         0x1fff1f10      0x800 00
                0x1fff2710                . = ALIGN (0x4)
                0x00018f08                _romp_at = ((___ROM_AT + SIZEOF (.data)) + SIZEOF (.user_data2))

.romp           0x20000000       0x24 load address 0x00018f08
                0x00018f08                __S_romp = _romp_at
                0x20000000        0x4 LONG 0x181ec ___ROM_AT
                0x20000004        0x4 LONG 0x1fff0400 _sdata
                0x20000008        0x4 LONG 0xd1c ___data_size
                0x2000000c        0x4 LONG 0x18f08 ___m_data2_ROMStart
                0x20000010        0x4 LONG 0x20000000 ___m_data2_RAMStart
                0x20000014        0x4 LONG 0x0 ___m_data2_ROMSize
                0x20000018        0x4 LONG 0x0
                0x2000001c        0x4 LONG 0x0
                0x20000020        0x4 LONG 0x0

.ARM.attributes
                0x00000000       0x33
 *(.ARM.attributes)
 .ARM.attributes
                0x00000000       0x33 ..\main.o
 .ARM.attributes
                0x00000033       0x33 Startup\__arm_start.o
 .ARM.attributes
                0x00000066       0x33 Startup\__arm_end.o
 .ARM.attributes
                0x00000099       0x33 Startup\kinetis_sysinit.o
 .ARM.attributes
                0x000000cc       0x33 Libraries\FEHMotor.o
 .ARM.attributes
                0x000000ff       0x33 Drivers\i2c.o
 .ARM.attributes
                0x00000132       0x33 Drivers\spi.o
 .ARM.attributes
                0x00000165       0x33 Drivers\uart.o
 .ARM.attributes
                0x00000198       0x33 Drivers\ff.o
 .ARM.attributes
                0x000001cb       0x33 Drivers\SDHC.o
 .ARM.attributes
                0x000001fe       0x33 Drivers\lptmr.o
 .ARM.attributes
                0x00000231       0x33 FEHProteus.o
 .ARM.attributes
                0x00000264       0x33 Drivers\FEHPropeller.o
 .ARM.attributes
                0x00000297       0x33 Libraries\FEHUtility.o
 .ARM.attributes
                0x000002ca       0x33 Libraries\FEHIO.o
 .ARM.attributes
                0x000002fd       0x33 Drivers\adc16.o
 .ARM.attributes
                0x00000330       0x33 Libraries\FEHBuzzer.o
 .ARM.attributes
                0x00000363       0x33 Libraries\FEHServo.o
 .ARM.attributes
                0x00000396       0x33 Libraries\FEHLCD.o
 .ARM.attributes
                0x000003c9       0x33 Libraries\FEHAccel.o
 .ARM.attributes
                0x000003fc       0x33 Libraries\FEHBattery.o
 .ARM.attributes
                0x0000042f       0x33 Drivers\FEHXBee.o
 .ARM.attributes
                0x00000462       0x33 Libraries\FEHRPS.o
 .ARM.attributes
                0x00000495       0x33 Libraries\FEHSD.o
 .ARM.attributes
                0x000004c8       0x33 C:\fehqt\Proteus/EWL/lib/armv7e-m\libm.a(s_sin.o)
 .ARM.attributes
                0x000004fb       0x33 C:\fehqt\Proteus/EWL/lib/armv7e-m\libm.a(e_rem_pio2.o)
 .ARM.attributes
                0x0000052e       0x33 C:\fehqt\Proteus/EWL/lib/armv7e-m\libm.a(k_cos.o)
 .ARM.attributes
                0x00000561       0x33 C:\fehqt\Proteus/EWL/lib/armv7e-m\libm.a(k_rem_pio2.o)
 .ARM.attributes
                0x00000594       0x33 C:\fehqt\Proteus/EWL/lib/armv7e-m\libm.a(k_sin.o)
 .ARM.attributes
                0x000005c7       0x33 C:\fehqt\Proteus/EWL/lib/armv7e-m\libm.a(s_floor.o)
 .ARM.attributes
                0x000005fa       0x33 C:\fehqt\Proteus/EWL/lib/armv7e-m\libm.a(scalbn.o)
 .ARM.attributes
                0x0000062d       0x33 C:\fehqt\Proteus/EWL/lib/armv7e-m\libm.a(s_frexp.o)
 .ARM.attributes
                0x00000660       0x33 C:\fehqt\Proteus/EWL/lib/armv7e-m\libm.a(s_ldexp.o)
 .ARM.attributes
                0x00000693       0x33 C:\fehqt\Proteus/EWL/lib/armv7e-m\libm.a(math_api.o)
 .ARM.attributes
                0x000006c6       0x33 C:\fehqt\Proteus/EWL/lib/armv7e-m\libc.a(sprintf.o)
 .ARM.attributes
                0x000006f9       0x33 C:\fehqt\Proteus/EWL/lib/armv7e-m\libc.a(vsnprintf.o)
 .ARM.attributes
                0x0000072c       0x33 C:\fehqt\Proteus/EWL/lib/armv7e-m\libc.a(exit.o)
 .ARM.attributes
                0x0000075f       0x33 C:\fehqt\Proteus/EWL/lib/armv7e-m\libc.a(memcpy.o)
 .ARM.attributes
                0x00000792       0x33 C:\fehqt\Proteus/EWL/lib/armv7e-m\libc.a(memset.o)
 .ARM.attributes
                0x000007c5       0x33 C:\fehqt\Proteus/EWL/lib/armv7e-m\libc.a(strlen.o)
 .ARM.attributes
                0x000007f8       0x33 C:\fehqt\Proteus/EWL/lib/armv7e-m\libc.a(printformat_.o)
 .ARM.attributes
                0x0000082b       0x33 C:\fehqt\Proteus/EWL/lib/armv7e-m\libc.a(scanformat_.o)
 .ARM.attributes
                0x0000085e       0x33 C:\fehqt\Proteus/EWL/lib/armv7e-m\libc.a(ctype_aeabi.o)
 .ARM.attributes
                0x00000891       0x33 C:\fehqt\Proteus/EWL/lib/armv7e-m\libc.a(__strtoul.o)
 .ARM.attributes
                0x000008c4       0x33 C:\fehqt\Proteus/EWL/lib/armv7e-m\libc.a(__filll_mem.o)
 .ARM.attributes
                0x000008f7       0x33 C:\fehqt\Proteus/EWL/lib/armv7e-m\libc.a(memchr.o)
 .ARM.attributes
                0x0000092a       0x33 C:\fehqt\Proteus/EWL/lib/armv7e-m\libc.a(strchr.o)
 .ARM.attributes
                0x0000095d       0x1e c:/fehqt/proteus/gcc/bin/../lib/gcc/arm-none-eabi/4.6.2/armv7e-m\libgcc.a(_arm_addsubdf3.o)
 .ARM.attributes
                0x0000097b       0x1e c:/fehqt/proteus/gcc/bin/../lib/gcc/arm-none-eabi/4.6.2/armv7e-m\libgcc.a(_arm_muldivdf3.o)
 .ARM.attributes
                0x00000999       0x1e c:/fehqt/proteus/gcc/bin/../lib/gcc/arm-none-eabi/4.6.2/armv7e-m\libgcc.a(_arm_cmpdf2.o)
 .ARM.attributes
                0x000009b7       0x1e c:/fehqt/proteus/gcc/bin/../lib/gcc/arm-none-eabi/4.6.2/armv7e-m\libgcc.a(_arm_fixdfsi.o)
 .ARM.attributes
                0x000009d5       0x1e c:/fehqt/proteus/gcc/bin/../lib/gcc/arm-none-eabi/4.6.2/armv7e-m\libgcc.a(_arm_fixunsdfsi.o)
 .ARM.attributes
                0x000009f3       0x1e c:/fehqt/proteus/gcc/bin/../lib/gcc/arm-none-eabi/4.6.2/armv7e-m\libgcc.a(_arm_truncdfsf2.o)
 .ARM.attributes
                0x00000a11       0x1e c:/fehqt/proteus/gcc/bin/../lib/gcc/arm-none-eabi/4.6.2/armv7e-m\libgcc.a(_arm_addsubsf3.o)
 .ARM.attributes
                0x00000a2f       0x1e c:/fehqt/proteus/gcc/bin/../lib/gcc/arm-none-eabi/4.6.2/armv7e-m\libgcc.a(_arm_muldivsf3.o)
 .ARM.attributes
                0x00000a4d       0x1e c:/fehqt/proteus/gcc/bin/../lib/gcc/arm-none-eabi/4.6.2/armv7e-m\libgcc.a(_arm_cmpsf2.o)
 .ARM.attributes
                0x00000a6b       0x1e c:/fehqt/proteus/gcc/bin/../lib/gcc/arm-none-eabi/4.6.2/armv7e-m\libgcc.a(_arm_fixsfsi.o)
 .ARM.attributes
                0x00000a89       0x33 C:\fehqt\Proteus/EWL/lib/armv7e-m\librt.a(gcc_ctor_dtor.o)
 .ARM.attributes
                0x00000abc       0x33 C:\fehqt\Proteus/EWL/lib/armv7e-m\librt.a(ROMCopy.o)
 .ARM.attributes
                0x00000aef       0x33 C:\fehqt\Proteus/EWL/lib/armv7e-m\librt.a(__arm_eabi_init.o)
OUTPUT(../RobotCode.elf elf32-littlearm)

.debug_info     0x00000000    0x16b21
 .debug_info    0x00000000     0x250b ..\main.o
 .debug_info    0x0000250b     0x12c5 Startup\__arm_start.o
 .debug_info    0x000037d0       0x58 Startup\__arm_end.o
 .debug_info    0x00003828      0x57d Startup\kinetis_sysinit.o
 .debug_info    0x00003da5      0x335 Libraries\FEHMotor.o
 .debug_info    0x000040da      0x250 Drivers\i2c.o
 .debug_info    0x0000432a      0x6cf Drivers\spi.o
 .debug_info    0x000049f9      0x59c Drivers\uart.o
 .debug_info    0x00004f95     0x1da0 Drivers\ff.o
 .debug_info    0x00006d35      0xf1d Drivers\SDHC.o
 .debug_info    0x00007c52      0x2de Drivers\lptmr.o
 .debug_info    0x00007f30      0x1a7 FEHProteus.o
 .debug_info    0x000080d7      0x722 Drivers\FEHPropeller.o
 .debug_info    0x000087f9      0x36c Libraries\FEHUtility.o
 .debug_info    0x00008b65     0x1c6a Libraries\FEHIO.o
 .debug_info    0x0000a7cf      0x4ab Drivers\adc16.o
 .debug_info    0x0000ac7a      0xa42 Libraries\FEHBuzzer.o
 .debug_info    0x0000b6bc     0x1500 Libraries\FEHServo.o
 .debug_info    0x0000cbbc     0x2c25 Libraries\FEHLCD.o
 .debug_info    0x0000f7e1      0x26a Libraries\FEHAccel.o
 .debug_info    0x0000fa4b      0x3a9 Libraries\FEHBattery.o
 .debug_info    0x0000fdf4      0xac3 Drivers\FEHXBee.o
 .debug_info    0x000108b7     0x1a09 Libraries\FEHRPS.o
 .debug_info    0x000122c0     0x1242 Libraries\FEHSD.o
 .debug_info    0x00013502      0x19d C:\fehqt\Proteus/EWL/lib/armv7e-m\libm.a(s_sin.o)
 .debug_info    0x0001369f      0x345 C:\fehqt\Proteus/EWL/lib/armv7e-m\libm.a(e_rem_pio2.o)
 .debug_info    0x000139e4      0x235 C:\fehqt\Proteus/EWL/lib/armv7e-m\libm.a(k_cos.o)
 .debug_info    0x00013c19      0x31b C:\fehqt\Proteus/EWL/lib/armv7e-m\libm.a(k_rem_pio2.o)
 .debug_info    0x00013f34      0x22a C:\fehqt\Proteus/EWL/lib/armv7e-m\libm.a(k_sin.o)
 .debug_info    0x0001415e      0x1b1 C:\fehqt\Proteus/EWL/lib/armv7e-m\libm.a(s_floor.o)
 .debug_info    0x0001430f       0xfa C:\fehqt\Proteus/EWL/lib/armv7e-m\libm.a(scalbn.o)
 .debug_info    0x00014409      0x1a9 C:\fehqt\Proteus/EWL/lib/armv7e-m\libm.a(s_frexp.o)
 .debug_info    0x000145b2      0x1ea C:\fehqt\Proteus/EWL/lib/armv7e-m\libm.a(s_ldexp.o)
 .debug_info    0x0001479c      0x32c C:\fehqt\Proteus/EWL/lib/armv7e-m\libm.a(math_api.o)
 .debug_info    0x00014ac8      0x11f C:\fehqt\Proteus/EWL/lib/armv7e-m\libc.a(sprintf.o)
 .debug_info    0x00014be7      0x206 C:\fehqt\Proteus/EWL/lib/armv7e-m\libc.a(vsnprintf.o)
 .debug_info    0x00014ded      0x103 C:\fehqt\Proteus/EWL/lib/armv7e-m\libc.a(exit.o)
 .debug_info    0x00014ef0      0x113 C:\fehqt\Proteus/EWL/lib/armv7e-m\libc.a(memcpy.o)
 .debug_info    0x00015003       0xf4 C:\fehqt\Proteus/EWL/lib/armv7e-m\libc.a(memset.o)
 .debug_info    0x000150f7       0xf3 C:\fehqt\Proteus/EWL/lib/armv7e-m\libc.a(strlen.o)
 .debug_info    0x000151ea      0x512 C:\fehqt\Proteus/EWL/lib/armv7e-m\libc.a(printformat_.o)
 .debug_info    0x000156fc      0x564 C:\fehqt\Proteus/EWL/lib/armv7e-m\libc.a(scanformat_.o)
 .debug_info    0x00015c60      0x32a C:\fehqt\Proteus/EWL/lib/armv7e-m\libc.a(ctype_aeabi.o)
 .debug_info    0x00015f8a      0x1d7 C:\fehqt\Proteus/EWL/lib/armv7e-m\libc.a(__strtoul.o)
 .debug_info    0x00016161      0x13d C:\fehqt\Proteus/EWL/lib/armv7e-m\libc.a(__filll_mem.o)
 .debug_info    0x0001629e      0x129 C:\fehqt\Proteus/EWL/lib/armv7e-m\libc.a(memchr.o)
 .debug_info    0x000163c7      0x110 C:\fehqt\Proteus/EWL/lib/armv7e-m\libc.a(strchr.o)
 .debug_info    0x000164d7      0x1c0 C:\fehqt\Proteus/EWL/lib/armv7e-m\librt.a(gcc_ctor_dtor.o)
 .debug_info    0x00016697      0x1b8 C:\fehqt\Proteus/EWL/lib/armv7e-m\librt.a(ROMCopy.o)
 .debug_info    0x0001684f      0x2d2 C:\fehqt\Proteus/EWL/lib/armv7e-m\librt.a(__arm_eabi_init.o)

.debug_abbrev   0x00000000     0x4737
 .debug_abbrev  0x00000000      0x3ab ..\main.o
 .debug_abbrev  0x000003ab      0x28f Startup\__arm_start.o
 .debug_abbrev  0x0000063a       0x45 Startup\__arm_end.o
 .debug_abbrev  0x0000067f      0x18a Startup\kinetis_sysinit.o
 .debug_abbrev  0x00000809      0x18c Libraries\FEHMotor.o
 .debug_abbrev  0x00000995       0xfc Drivers\i2c.o
 .debug_abbrev  0x00000a91      0x18b Drivers\spi.o
 .debug_abbrev  0x00000c1c      0x15f Drivers\uart.o
 .debug_abbrev  0x00000d7b      0x18f Drivers\ff.o
 .debug_abbrev  0x00000f0a      0x223 Drivers\SDHC.o
 .debug_abbrev  0x0000112d       0xd2 Drivers\lptmr.o
 .debug_abbrev  0x000011ff      0x101 FEHProteus.o
 .debug_abbrev  0x00001300      0x1c6 Drivers\FEHPropeller.o
 .debug_abbrev  0x000014c6      0x154 Libraries\FEHUtility.o
 .debug_abbrev  0x0000161a      0x448 Libraries\FEHIO.o
 .debug_abbrev  0x00001a62      0x12a Drivers\adc16.o
 .debug_abbrev  0x00001b8c      0x1da Libraries\FEHBuzzer.o
 .debug_abbrev  0x00001d66      0x312 Libraries\FEHServo.o
 .debug_abbrev  0x00002078      0x38c Libraries\FEHLCD.o
 .debug_abbrev  0x00002404      0x13b Libraries\FEHAccel.o
 .debug_abbrev  0x0000253f      0x1cb Libraries\FEHBattery.o
 .debug_abbrev  0x0000270a      0x231 Drivers\FEHXBee.o
 .debug_abbrev  0x0000293b      0x37f Libraries\FEHRPS.o
 .debug_abbrev  0x00002cba      0x33a Libraries\FEHSD.o
 .debug_abbrev  0x00002ff4       0xd9 C:\fehqt\Proteus/EWL/lib/armv7e-m\libm.a(s_sin.o)
 .debug_abbrev  0x000030cd      0x100 C:\fehqt\Proteus/EWL/lib/armv7e-m\libm.a(e_rem_pio2.o)
 .debug_abbrev  0x000031cd       0xd0 C:\fehqt\Proteus/EWL/lib/armv7e-m\libm.a(k_cos.o)
 .debug_abbrev  0x0000329d       0xf7 C:\fehqt\Proteus/EWL/lib/armv7e-m\libm.a(k_rem_pio2.o)
 .debug_abbrev  0x00003394       0xee C:\fehqt\Proteus/EWL/lib/armv7e-m\libm.a(k_sin.o)
 .debug_abbrev  0x00003482       0xc3 C:\fehqt\Proteus/EWL/lib/armv7e-m\libm.a(s_floor.o)
 .debug_abbrev  0x00003545       0x88 C:\fehqt\Proteus/EWL/lib/armv7e-m\libm.a(scalbn.o)
 .debug_abbrev  0x000035cd       0xd2 C:\fehqt\Proteus/EWL/lib/armv7e-m\libm.a(s_frexp.o)
 .debug_abbrev  0x0000369f       0xd2 C:\fehqt\Proteus/EWL/lib/armv7e-m\libm.a(s_ldexp.o)
 .debug_abbrev  0x00003771      0x136 C:\fehqt\Proteus/EWL/lib/armv7e-m\libm.a(math_api.o)
 .debug_abbrev  0x000038a7       0xb5 C:\fehqt\Proteus/EWL/lib/armv7e-m\libc.a(sprintf.o)
 .debug_abbrev  0x0000395c       0xf4 C:\fehqt\Proteus/EWL/lib/armv7e-m\libc.a(vsnprintf.o)
 .debug_abbrev  0x00003a50       0x8f C:\fehqt\Proteus/EWL/lib/armv7e-m\libc.a(exit.o)
 .debug_abbrev  0x00003adf       0x97 C:\fehqt\Proteus/EWL/lib/armv7e-m\libc.a(memcpy.o)
 .debug_abbrev  0x00003b76       0x66 C:\fehqt\Proteus/EWL/lib/armv7e-m\libc.a(memset.o)
 .debug_abbrev  0x00003bdc       0x7e C:\fehqt\Proteus/EWL/lib/armv7e-m\libc.a(strlen.o)
 .debug_abbrev  0x00003c5a      0x204 C:\fehqt\Proteus/EWL/lib/armv7e-m\libc.a(printformat_.o)
 .debug_abbrev  0x00003e5e      0x1fb C:\fehqt\Proteus/EWL/lib/armv7e-m\libc.a(scanformat_.o)
 .debug_abbrev  0x00004059       0x9a C:\fehqt\Proteus/EWL/lib/armv7e-m\libc.a(ctype_aeabi.o)
 .debug_abbrev  0x000040f3       0xc6 C:\fehqt\Proteus/EWL/lib/armv7e-m\libc.a(__strtoul.o)
 .debug_abbrev  0x000041b9       0x8b C:\fehqt\Proteus/EWL/lib/armv7e-m\libc.a(__filll_mem.o)
 .debug_abbrev  0x00004244       0x99 C:\fehqt\Proteus/EWL/lib/armv7e-m\libc.a(memchr.o)
 .debug_abbrev  0x000042dd       0x8d C:\fehqt\Proteus/EWL/lib/armv7e-m\libc.a(strchr.o)
 .debug_abbrev  0x0000436a       0x9d C:\fehqt\Proteus/EWL/lib/armv7e-m\librt.a(gcc_ctor_dtor.o)
 .debug_abbrev  0x00004407      0x160 C:\fehqt\Proteus/EWL/lib/armv7e-m\librt.a(ROMCopy.o)
 .debug_abbrev  0x00004567      0x1d0 C:\fehqt\Proteus/EWL/lib/armv7e-m\librt.a(__arm_eabi_init.o)

.debug_loc      0x00000000     0x7ecc
 .debug_loc     0x00000000      0x8ca ..\main.o
 .debug_loc     0x000008ca       0xb0 Startup\__arm_start.o
 .debug_loc     0x0000097a       0x38 Startup\__arm_end.o
 .debug_loc     0x000009b2       0x84 Startup\kinetis_sysinit.o
 .debug_loc     0x00000a36       0xe0 Libraries\FEHMotor.o
 .debug_loc     0x00000b16       0xe0 Drivers\i2c.o
 .debug_loc     0x00000bf6      0x19c Drivers\spi.o
 .debug_loc     0x00000d92       0xe0 Drivers\uart.o
 .debug_loc     0x00000e72      0xa96 Drivers\ff.o
 .debug_loc     0x00001908      0x370 Drivers\SDHC.o
 .debug_loc     0x00001c78       0x38 Drivers\lptmr.o
 .debug_loc     0x00001cb0       0x64 FEHProteus.o
 .debug_loc     0x00001d14      0x118 Drivers\FEHPropeller.o
 .debug_loc     0x00001e2c      0x1a8 Libraries\FEHUtility.o
 .debug_loc     0x00001fd4      0x8d6 Libraries\FEHIO.o
 .debug_loc     0x000028aa       0xa8 Drivers\adc16.o
 .debug_loc     0x00002952      0x304 Libraries\FEHBuzzer.o
 .debug_loc     0x00002c56      0x1fa Libraries\FEHServo.o
 .debug_loc     0x00002e50     0x1147 Libraries\FEHLCD.o
 .debug_loc     0x00003f97      0x144 Libraries\FEHAccel.o
 .debug_loc     0x000040db       0xd4 Libraries\FEHBattery.o
 .debug_loc     0x000041af      0x1c0 Drivers\FEHXBee.o
 .debug_loc     0x0000436f      0x420 Libraries\FEHRPS.o
 .debug_loc     0x0000478f      0x188 Libraries\FEHSD.o
 .debug_loc     0x00004917       0xee C:\fehqt\Proteus/EWL/lib/armv7e-m\libm.a(s_sin.o)
 .debug_loc     0x00004a05      0x2ae C:\fehqt\Proteus/EWL/lib/armv7e-m\libm.a(e_rem_pio2.o)
 .debug_loc     0x00004cb3       0xff C:\fehqt\Proteus/EWL/lib/armv7e-m\libm.a(k_cos.o)
 .debug_loc     0x00004db2      0x5da C:\fehqt\Proteus/EWL/lib/armv7e-m\libm.a(k_rem_pio2.o)
 .debug_loc     0x0000538c       0xbc C:\fehqt\Proteus/EWL/lib/armv7e-m\libm.a(k_sin.o)
 .debug_loc     0x00005448      0x108 C:\fehqt\Proteus/EWL/lib/armv7e-m\libm.a(s_floor.o)
 .debug_loc     0x00005550       0x6e C:\fehqt\Proteus/EWL/lib/armv7e-m\libm.a(scalbn.o)
 .debug_loc     0x000055be       0xb7 C:\fehqt\Proteus/EWL/lib/armv7e-m\libm.a(s_frexp.o)
 .debug_loc     0x00005675      0x130 C:\fehqt\Proteus/EWL/lib/armv7e-m\libm.a(s_ldexp.o)
 .debug_loc     0x000057a5      0x27c C:\fehqt\Proteus/EWL/lib/armv7e-m\libm.a(math_api.o)
 .debug_loc     0x00005a21       0x3f C:\fehqt\Proteus/EWL/lib/armv7e-m\libc.a(sprintf.o)
 .debug_loc     0x00005a60      0x105 C:\fehqt\Proteus/EWL/lib/armv7e-m\libc.a(vsnprintf.o)
 .debug_loc     0x00005b65       0x3e C:\fehqt\Proteus/EWL/lib/armv7e-m\libc.a(exit.o)
 .debug_loc     0x00005ba3       0x46 C:\fehqt\Proteus/EWL/lib/armv7e-m\libc.a(memcpy.o)
 .debug_loc     0x00005be9       0x64 C:\fehqt\Proteus/EWL/lib/armv7e-m\libc.a(memset.o)
 .debug_loc     0x00005c4d       0x31 C:\fehqt\Proteus/EWL/lib/armv7e-m\libc.a(strlen.o)
 .debug_loc     0x00005c7e     0x106f C:\fehqt\Proteus/EWL/lib/armv7e-m\libc.a(printformat_.o)
 .debug_loc     0x00006ced      0x8cb C:\fehqt\Proteus/EWL/lib/armv7e-m\libc.a(scanformat_.o)
 .debug_loc     0x000075b8      0x18e C:\fehqt\Proteus/EWL/lib/armv7e-m\libc.a(ctype_aeabi.o)
 .debug_loc     0x00007746      0x2ad C:\fehqt\Proteus/EWL/lib/armv7e-m\libc.a(__strtoul.o)
 .debug_loc     0x000079f3      0x12c C:\fehqt\Proteus/EWL/lib/armv7e-m\libc.a(__filll_mem.o)
 .debug_loc     0x00007b1f       0x82 C:\fehqt\Proteus/EWL/lib/armv7e-m\libc.a(memchr.o)
 .debug_loc     0x00007ba1       0x78 C:\fehqt\Proteus/EWL/lib/armv7e-m\libc.a(strchr.o)
 .debug_loc     0x00007c19       0xbe C:\fehqt\Proteus/EWL/lib/armv7e-m\librt.a(gcc_ctor_dtor.o)
 .debug_loc     0x00007cd7       0x9b C:\fehqt\Proteus/EWL/lib/armv7e-m\librt.a(ROMCopy.o)
 .debug_loc     0x00007d72      0x15a C:\fehqt\Proteus/EWL/lib/armv7e-m\librt.a(__arm_eabi_init.o)

.debug_aranges  0x00000000     0x1128
 .debug_aranges
                0x00000000      0x158 ..\main.o
 .debug_aranges
                0x00000158       0x48 Startup\__arm_start.o
 .debug_aranges
                0x000001a0       0x20 Startup\__arm_end.o
 .debug_aranges
                0x000001c0       0x30 Startup\kinetis_sysinit.o
 .debug_aranges
                0x000001f0       0x38 Libraries\FEHMotor.o
 .debug_aranges
                0x00000228       0x38 Drivers\i2c.o
 .debug_aranges
                0x00000260       0x58 Drivers\spi.o
 .debug_aranges
                0x000002b8       0x38 Drivers\uart.o
 .debug_aranges
                0x000002f0      0x198 Drivers\ff.o
 .debug_aranges
                0x00000488       0x98 Drivers\SDHC.o
 .debug_aranges
                0x00000520       0x20 Drivers\lptmr.o
 .debug_aranges
                0x00000540       0x28 FEHProteus.o
 .debug_aranges
                0x00000568       0x40 Drivers\FEHPropeller.o
 .debug_aranges
                0x000005a8       0x58 Libraries\FEHUtility.o
 .debug_aranges
                0x00000600      0x160 Libraries\FEHIO.o
 .debug_aranges
                0x00000760       0x30 Drivers\adc16.o
 .debug_aranges
                0x00000790       0x88 Libraries\FEHBuzzer.o
 .debug_aranges
                0x00000818       0x60 Libraries\FEHServo.o
 .debug_aranges
                0x00000878      0x290 Libraries\FEHLCD.o
 .debug_aranges
                0x00000b08       0x48 Libraries\FEHAccel.o
 .debug_aranges
                0x00000b50       0x38 Libraries\FEHBattery.o
 .debug_aranges
                0x00000b88       0x58 Drivers\FEHXBee.o
 .debug_aranges
                0x00000be0       0xb0 Libraries\FEHRPS.o
 .debug_aranges
                0x00000c90       0x50 Libraries\FEHSD.o
 .debug_aranges
                0x00000ce0       0x20 C:\fehqt\Proteus/EWL/lib/armv7e-m\libm.a(s_sin.o)
 .debug_aranges
                0x00000d00       0x20 C:\fehqt\Proteus/EWL/lib/armv7e-m\libm.a(e_rem_pio2.o)
 .debug_aranges
                0x00000d20       0x20 C:\fehqt\Proteus/EWL/lib/armv7e-m\libm.a(k_cos.o)
 .debug_aranges
                0x00000d40       0x20 C:\fehqt\Proteus/EWL/lib/armv7e-m\libm.a(k_rem_pio2.o)
 .debug_aranges
                0x00000d60       0x20 C:\fehqt\Proteus/EWL/lib/armv7e-m\libm.a(k_sin.o)
 .debug_aranges
                0x00000d80       0x20 C:\fehqt\Proteus/EWL/lib/armv7e-m\libm.a(s_floor.o)
 .debug_aranges
                0x00000da0       0x20 C:\fehqt\Proteus/EWL/lib/armv7e-m\libm.a(scalbn.o)
 .debug_aranges
                0x00000dc0       0x20 C:\fehqt\Proteus/EWL/lib/armv7e-m\libm.a(s_frexp.o)
 .debug_aranges
                0x00000de0       0x20 C:\fehqt\Proteus/EWL/lib/armv7e-m\libm.a(s_ldexp.o)
 .debug_aranges
                0x00000e00       0x60 C:\fehqt\Proteus/EWL/lib/armv7e-m\libm.a(math_api.o)
 .debug_aranges
                0x00000e60       0x20 C:\fehqt\Proteus/EWL/lib/armv7e-m\libc.a(sprintf.o)
 .debug_aranges
                0x00000e80       0x28 C:\fehqt\Proteus/EWL/lib/armv7e-m\libc.a(vsnprintf.o)
 .debug_aranges
                0x00000ea8       0x20 C:\fehqt\Proteus/EWL/lib/armv7e-m\libc.a(exit.o)
 .debug_aranges
                0x00000ec8       0x20 C:\fehqt\Proteus/EWL/lib/armv7e-m\libc.a(memcpy.o)
 .debug_aranges
                0x00000ee8       0x20 C:\fehqt\Proteus/EWL/lib/armv7e-m\libc.a(memset.o)
 .debug_aranges
                0x00000f08       0x20 C:\fehqt\Proteus/EWL/lib/armv7e-m\libc.a(strlen.o)
 .debug_aranges
                0x00000f28       0x28 C:\fehqt\Proteus/EWL/lib/armv7e-m\libc.a(printformat_.o)
 .debug_aranges
                0x00000f50       0x20 C:\fehqt\Proteus/EWL/lib/armv7e-m\libc.a(scanformat_.o)
 .debug_aranges
                0x00000f70       0x88 C:\fehqt\Proteus/EWL/lib/armv7e-m\libc.a(ctype_aeabi.o)
 .debug_aranges
                0x00000ff8       0x20 C:\fehqt\Proteus/EWL/lib/armv7e-m\libc.a(__strtoul.o)
 .debug_aranges
                0x00001018       0x20 C:\fehqt\Proteus/EWL/lib/armv7e-m\libc.a(__filll_mem.o)
 .debug_aranges
                0x00001038       0x20 C:\fehqt\Proteus/EWL/lib/armv7e-m\libc.a(memchr.o)
 .debug_aranges
                0x00001058       0x20 C:\fehqt\Proteus/EWL/lib/armv7e-m\libc.a(strchr.o)
 .debug_aranges
                0x00001078       0x28 C:\fehqt\Proteus/EWL/lib/armv7e-m\librt.a(gcc_ctor_dtor.o)
 .debug_aranges
                0x000010a0       0x30 C:\fehqt\Proteus/EWL/lib/armv7e-m\librt.a(ROMCopy.o)
 .debug_aranges
                0x000010d0       0x58 C:\fehqt\Proteus/EWL/lib/armv7e-m\librt.a(__arm_eabi_init.o)

.debug_line     0x00000000     0x8bdb
 .debug_line    0x00000000      0x9a4 ..\main.o
 .debug_line    0x000009a4      0x3ad Startup\__arm_start.o
 .debug_line    0x00000d51      0x21a Startup\__arm_end.o
 .debug_line    0x00000f6b      0x283 Startup\kinetis_sysinit.o
 .debug_line    0x000011ee      0x237 Libraries\FEHMotor.o
 .debug_line    0x00001425      0x2ad Drivers\i2c.o
 .debug_line    0x000016d2      0x295 Drivers\spi.o
 .debug_line    0x00001967      0x212 Drivers\uart.o
 .debug_line    0x00001b79     0x1114 Drivers\ff.o
 .debug_line    0x00002c8d      0x678 Drivers\SDHC.o
 .debug_line    0x00003305      0x1c0 Drivers\lptmr.o
 .debug_line    0x000034c5      0x1da FEHProteus.o
 .debug_line    0x0000369f      0x264 Drivers\FEHPropeller.o
 .debug_line    0x00003903      0x282 Libraries\FEHUtility.o
 .debug_line    0x00003b85      0x6ee Libraries\FEHIO.o
 .debug_line    0x00004273      0x20f Drivers\adc16.o
 .debug_line    0x00004482      0x2df Libraries\FEHBuzzer.o
 .debug_line    0x00004761      0x545 Libraries\FEHServo.o
 .debug_line    0x00004ca6     0x1151 Libraries\FEHLCD.o
 .debug_line    0x00005df7      0x23f Libraries\FEHAccel.o
 .debug_line    0x00006036      0x218 Libraries\FEHBattery.o
 .debug_line    0x0000624e      0x349 Drivers\FEHXBee.o
 .debug_line    0x00006597      0x70d Libraries\FEHRPS.o
 .debug_line    0x00006ca4      0x334 Libraries\FEHSD.o
 .debug_line    0x00006fd8       0xc4 C:\fehqt\Proteus/EWL/lib/armv7e-m\libm.a(s_sin.o)
 .debug_line    0x0000709c      0x124 C:\fehqt\Proteus/EWL/lib/armv7e-m\libm.a(e_rem_pio2.o)
 .debug_line    0x000071c0       0xbf C:\fehqt\Proteus/EWL/lib/armv7e-m\libm.a(k_cos.o)
 .debug_line    0x0000727f      0x341 C:\fehqt\Proteus/EWL/lib/armv7e-m\libm.a(k_rem_pio2.o)
 .debug_line    0x000075c0       0xb6 C:\fehqt\Proteus/EWL/lib/armv7e-m\libm.a(k_sin.o)
 .debug_line    0x00007676       0xd0 C:\fehqt\Proteus/EWL/lib/armv7e-m\libm.a(s_floor.o)
 .debug_line    0x00007746       0x75 C:\fehqt\Proteus/EWL/lib/armv7e-m\libm.a(scalbn.o)
 .debug_line    0x000077bb       0xc1 C:\fehqt\Proteus/EWL/lib/armv7e-m\libm.a(s_frexp.o)
 .debug_line    0x0000787c       0xcc C:\fehqt\Proteus/EWL/lib/armv7e-m\libm.a(s_ldexp.o)
 .debug_line    0x00007948      0x178 C:\fehqt\Proteus/EWL/lib/armv7e-m\libm.a(math_api.o)
 .debug_line    0x00007ac0       0x94 C:\fehqt\Proteus/EWL/lib/armv7e-m\libc.a(sprintf.o)
 .debug_line    0x00007b54       0xd2 C:\fehqt\Proteus/EWL/lib/armv7e-m\libc.a(vsnprintf.o)
 .debug_line    0x00007c26       0x94 C:\fehqt\Proteus/EWL/lib/armv7e-m\libc.a(exit.o)
 .debug_line    0x00007cba       0x8d C:\fehqt\Proteus/EWL/lib/armv7e-m\libc.a(memcpy.o)
 .debug_line    0x00007d47       0x8f C:\fehqt\Proteus/EWL/lib/armv7e-m\libc.a(memset.o)
 .debug_line    0x00007dd6       0x89 C:\fehqt\Proteus/EWL/lib/armv7e-m\libc.a(strlen.o)
 .debug_line    0x00007e5f      0x2c6 C:\fehqt\Proteus/EWL/lib/armv7e-m\libc.a(printformat_.o)
 .debug_line    0x00008125      0x2e3 C:\fehqt\Proteus/EWL/lib/armv7e-m\libc.a(scanformat_.o)
 .debug_line    0x00008408      0x1dd C:\fehqt\Proteus/EWL/lib/armv7e-m\libc.a(ctype_aeabi.o)
 .debug_line    0x000085e5      0x141 C:\fehqt\Proteus/EWL/lib/armv7e-m\libc.a(__strtoul.o)
 .debug_line    0x00008726      0x121 C:\fehqt\Proteus/EWL/lib/armv7e-m\libc.a(__filll_mem.o)
 .debug_line    0x00008847       0xa3 C:\fehqt\Proteus/EWL/lib/armv7e-m\libc.a(memchr.o)
 .debug_line    0x000088ea       0x84 C:\fehqt\Proteus/EWL/lib/armv7e-m\libc.a(strchr.o)
 .debug_line    0x0000896e       0x94 C:\fehqt\Proteus/EWL/lib/armv7e-m\librt.a(gcc_ctor_dtor.o)
 .debug_line    0x00008a02       0xc0 C:\fehqt\Proteus/EWL/lib/armv7e-m\librt.a(ROMCopy.o)
 .debug_line    0x00008ac2      0x119 C:\fehqt\Proteus/EWL/lib/armv7e-m\librt.a(__arm_eabi_init.o)

.debug_macinfo  0x00000000   0x89d4a7
 .debug_macinfo
                0x00000000    0x667dd ..\main.o
 .debug_macinfo
                0x000667dd    0x647fb Startup\__arm_start.o
 .debug_macinfo
                0x000cafd8     0x3464 Startup\__arm_end.o
 .debug_macinfo
                0x000ce43c    0x64cce Startup\kinetis_sysinit.o
 .debug_macinfo
                0x0013310a    0x6305c Libraries\FEHMotor.o
 .debug_macinfo
                0x00196166    0x6318f Drivers\i2c.o
 .debug_macinfo
                0x001f92f5    0x62fd6 Drivers\spi.o
 .debug_macinfo
                0x0025c2cb    0x62fc7 Drivers\uart.o
 .debug_macinfo
                0x002bf292     0x4396 Drivers\ff.o
 .debug_macinfo
                0x002c3628    0x6452b Drivers\SDHC.o
 .debug_macinfo
                0x00327b53    0x63036 Drivers\lptmr.o
 .debug_macinfo
                0x0038ab89    0x62fdc FEHProteus.o
 .debug_macinfo
                0x003edb65    0x63085 Drivers\FEHPropeller.o
 .debug_macinfo
                0x00450bea    0x62ff1 Libraries\FEHUtility.o
 .debug_macinfo
                0x004b3bdb    0x64348 Libraries\FEHIO.o
 .debug_macinfo
                0x00517f23    0x63678 Drivers\adc16.o
 .debug_macinfo
                0x0057b59b    0x6301e Libraries\FEHBuzzer.o
 .debug_macinfo
                0x005de5b9    0x64476 Libraries\FEHServo.o
 .debug_macinfo
                0x00642a2f    0x649ab Libraries\FEHLCD.o
 .debug_macinfo
                0x006a73da    0x631be Libraries\FEHAccel.o
 .debug_macinfo
                0x0070a598    0x636a3 Libraries\FEHBattery.o
 .debug_macinfo
                0x0076dc3b    0x63d5d Drivers\FEHXBee.o
 .debug_macinfo
                0x007d1998    0x6627e Libraries\FEHRPS.o
 .debug_macinfo
                0x00837c16    0x65891 Libraries\FEHSD.o

.debug_str      0x00000000     0x56ca
 .debug_str     0x00000000     0x19f8 ..\main.o
                               0x1b22 (size before relaxing)
 .debug_str     0x000019f8      0x353 Startup\__arm_start.o
                                0xe57 (size before relaxing)
 .debug_str     0x00001d4b       0x23 Startup\__arm_end.o
                                 0xab (size before relaxing)
 .debug_str     0x00001d6e      0x1d6 Startup\kinetis_sysinit.o
                                0x356 (size before relaxing)
 .debug_str     0x00001f44       0x2f Libraries\FEHMotor.o
                                0x2c9 (size before relaxing)
 .debug_str     0x00001f73      0x11a Drivers\i2c.o
                                0x1f2 (size before relaxing)
 .debug_str     0x0000208d      0x18b Drivers\spi.o
                                0x3ab (size before relaxing)
 .debug_str     0x00002218      0x188 Drivers\uart.o
                                0x340 (size before relaxing)
 .debug_str     0x000023a0      0x6b5 Drivers\ff.o
                                0x843 (size before relaxing)
 .debug_str     0x00002a55      0x546 Drivers\SDHC.o
                                0x819 (size before relaxing)
 .debug_str     0x00002f9b       0x5a Drivers\lptmr.o
                                0x1f9 (size before relaxing)
 .debug_str     0x00002ff5       0x28 FEHProteus.o
                                0x245 (size before relaxing)
 .debug_str     0x0000301d       0x25 Drivers\FEHPropeller.o
                                0x386 (size before relaxing)
 .debug_str     0x00003042       0xc0 Libraries\FEHUtility.o
                                0x1ca (size before relaxing)
 .debug_str     0x00003102      0xcf1 Libraries\FEHIO.o
                               0x129b (size before relaxing)
 .debug_str     0x00003df3       0xd7 Drivers\adc16.o
                                0x28a (size before relaxing)
 .debug_str     0x00003eca      0x1ba Libraries\FEHBuzzer.o
                                0x39c (size before relaxing)
 .debug_str     0x00004084      0x24c Libraries\FEHServo.o
                               0x10fc (size before relaxing)
 .debug_str     0x000042d0      0x17e Libraries\FEHLCD.o
                               0x10fd (size before relaxing)
 .debug_str     0x0000444e       0x68 Libraries\FEHAccel.o
                                0x18e (size before relaxing)
 .debug_str     0x000044b6       0x30 Libraries\FEHBattery.o
                                0x34f (size before relaxing)
 .debug_str     0x000044e6      0x1f6 Drivers\FEHXBee.o
                                0x535 (size before relaxing)
 .debug_str     0x000046dc      0x3b1 Libraries\FEHRPS.o
                               0x1545 (size before relaxing)
 .debug_str     0x00004a8d       0x75 Libraries\FEHSD.o
                                0xf1a (size before relaxing)
 .debug_str     0x00004b02       0x91 C:\fehqt\Proteus/EWL/lib/armv7e-m\libm.a(s_sin.o)
                                0x144 (size before relaxing)
 .debug_str     0x00004b93       0x83 C:\fehqt\Proteus/EWL/lib/armv7e-m\libm.a(e_rem_pio2.o)
                                0x1b6 (size before relaxing)
 .debug_str     0x00004c16       0x1e C:\fehqt\Proteus/EWL/lib/armv7e-m\libm.a(k_cos.o)
                                0x151 (size before relaxing)
 .debug_str     0x00004c34       0x57 C:\fehqt\Proteus/EWL/lib/armv7e-m\libm.a(k_rem_pio2.o)
                                0x18d (size before relaxing)
 .debug_str     0x00004c8b       0x1e C:\fehqt\Proteus/EWL/lib/armv7e-m\libm.a(k_sin.o)
                                0x156 (size before relaxing)
 .debug_str     0x00004ca9       0x19 C:\fehqt\Proteus/EWL/lib/armv7e-m\libm.a(s_floor.o)
                                0x14c (size before relaxing)
 .debug_str     0x00004cc2       0x1e C:\fehqt\Proteus/EWL/lib/armv7e-m\libm.a(scalbn.o)
                                0x13f (size before relaxing)
 .debug_str     0x00004ce0       0x24 C:\fehqt\Proteus/EWL/lib/armv7e-m\libm.a(s_frexp.o)
                                0x15d (size before relaxing)
 .debug_str     0x00004d04       0x25 C:\fehqt\Proteus/EWL/lib/armv7e-m\libm.a(s_ldexp.o)
                                0x164 (size before relaxing)
 .debug_str     0x00004d29       0xe7 C:\fehqt\Proteus/EWL/lib/armv7e-m\libm.a(math_api.o)
                                0x228 (size before relaxing)
 .debug_str     0x00004e10       0x1c C:\fehqt\Proteus/EWL/lib/armv7e-m\libc.a(sprintf.o)
                                0x15a (size before relaxing)
 .debug_str     0x00004e2c       0x83 C:\fehqt\Proteus/EWL/lib/armv7e-m\libc.a(vsnprintf.o)
                                0x1c3 (size before relaxing)
 .debug_str     0x00004eaf       0x2e C:\fehqt\Proteus/EWL/lib/armv7e-m\libc.a(exit.o)
                                0x14e (size before relaxing)
 .debug_str     0x00004edd       0x1c C:\fehqt\Proteus/EWL/lib/armv7e-m\libc.a(memcpy.o)
                                0x138 (size before relaxing)
 .debug_str     0x00004ef9       0x1c C:\fehqt\Proteus/EWL/lib/armv7e-m\libc.a(memset.o)
                                0x140 (size before relaxing)
 .debug_str     0x00004f15       0x24 C:\fehqt\Proteus/EWL/lib/armv7e-m\libc.a(strlen.o)
                                0x140 (size before relaxing)
 .debug_str     0x00004f39      0x213 C:\fehqt\Proteus/EWL/lib/armv7e-m\libc.a(printformat_.o)
                                0x3aa (size before relaxing)
 .debug_str     0x0000514c      0x17b C:\fehqt\Proteus/EWL/lib/armv7e-m\libc.a(scanformat_.o)
                                0x3f0 (size before relaxing)
 .debug_str     0x000052c7       0x9d C:\fehqt\Proteus/EWL/lib/armv7e-m\libc.a(ctype_aeabi.o)
                                0x1b3 (size before relaxing)
 .debug_str     0x00005364       0x55 C:\fehqt\Proteus/EWL/lib/armv7e-m\libc.a(__strtoul.o)
                                0x1f2 (size before relaxing)
 .debug_str     0x000053b9       0x25 C:\fehqt\Proteus/EWL/lib/armv7e-m\libc.a(__filll_mem.o)
                                0x152 (size before relaxing)
 .debug_str     0x000053de       0x1c C:\fehqt\Proteus/EWL/lib/armv7e-m\libc.a(memchr.o)
                                0x148 (size before relaxing)
 .debug_str     0x000053fa       0x1c C:\fehqt\Proteus/EWL/lib/armv7e-m\libc.a(strchr.o)
                                0x137 (size before relaxing)
 .debug_str     0x00005416      0x126 C:\fehqt\Proteus/EWL/lib/armv7e-m\librt.a(gcc_ctor_dtor.o)
                                0x185 (size before relaxing)
 .debug_str     0x0000553c       0x9b C:\fehqt\Proteus/EWL/lib/armv7e-m\librt.a(ROMCopy.o)
                                0x140 (size before relaxing)
 .debug_str     0x000055d7       0xf3 C:\fehqt\Proteus/EWL/lib/armv7e-m\librt.a(__arm_eabi_init.o)
                                0x1ac (size before relaxing)

.comment        0x00000000       0x79
 .comment       0x00000000       0x79 ..\main.o
                                 0x7a (size before relaxing)
 .comment       0x00000000       0x7a Startup\__arm_start.o
 .comment       0x00000000       0x7a Startup\__arm_end.o
 .comment       0x00000000       0x7a Startup\kinetis_sysinit.o
 .comment       0x00000000       0x7a Libraries\FEHMotor.o
 .comment       0x00000000       0x7a Drivers\i2c.o
 .comment       0x00000000       0x7a Drivers\spi.o
 .comment       0x00000000       0x7a Drivers\uart.o
 .comment       0x00000000       0x7a Drivers\ff.o
 .comment       0x00000000       0x7a Drivers\SDHC.o
 .comment       0x00000000       0x7a Drivers\lptmr.o
 .comment       0x00000000       0x7a FEHProteus.o
 .comment       0x00000000       0x7a Drivers\FEHPropeller.o
 .comment       0x00000000       0x7a Libraries\FEHUtility.o
 .comment       0x00000000       0x7a Libraries\FEHIO.o
 .comment       0x00000000       0x7a Drivers\adc16.o
 .comment       0x00000000       0x7a Libraries\FEHBuzzer.o
 .comment       0x00000000       0x7a Libraries\FEHServo.o
 .comment       0x00000000       0x7a Libraries\FEHLCD.o
 .comment       0x00000000       0x7a Libraries\FEHAccel.o
 .comment       0x00000000       0x7a Libraries\FEHBattery.o
 .comment       0x00000000       0x7a Drivers\FEHXBee.o
 .comment       0x00000000       0x7a Libraries\FEHRPS.o
 .comment       0x00000000       0x7a Libraries\FEHSD.o
 .comment       0x00000000       0x7a C:\fehqt\Proteus/EWL/lib/armv7e-m\libm.a(s_sin.o)
 .comment       0x00000000       0x7a C:\fehqt\Proteus/EWL/lib/armv7e-m\libm.a(e_rem_pio2.o)
 .comment       0x00000000       0x7a C:\fehqt\Proteus/EWL/lib/armv7e-m\libm.a(k_cos.o)
 .comment       0x00000000       0x7a C:\fehqt\Proteus/EWL/lib/armv7e-m\libm.a(k_rem_pio2.o)
 .comment       0x00000000       0x7a C:\fehqt\Proteus/EWL/lib/armv7e-m\libm.a(k_sin.o)
 .comment       0x00000000       0x7a C:\fehqt\Proteus/EWL/lib/armv7e-m\libm.a(s_floor.o)
 .comment       0x00000000       0x7a C:\fehqt\Proteus/EWL/lib/armv7e-m\libm.a(scalbn.o)
 .comment       0x00000000       0x7a C:\fehqt\Proteus/EWL/lib/armv7e-m\libm.a(s_frexp.o)
 .comment       0x00000000       0x7a C:\fehqt\Proteus/EWL/lib/armv7e-m\libm.a(s_ldexp.o)
 .comment       0x00000000       0x7a C:\fehqt\Proteus/EWL/lib/armv7e-m\libm.a(math_api.o)
 .comment       0x00000000       0x7a C:\fehqt\Proteus/EWL/lib/armv7e-m\libc.a(sprintf.o)
 .comment       0x00000000       0x7a C:\fehqt\Proteus/EWL/lib/armv7e-m\libc.a(vsnprintf.o)
 .comment       0x00000000       0x7a C:\fehqt\Proteus/EWL/lib/armv7e-m\libc.a(exit.o)
 .comment       0x00000000       0x7a C:\fehqt\Proteus/EWL/lib/armv7e-m\libc.a(memcpy.o)
 .comment       0x00000000       0x7a C:\fehqt\Proteus/EWL/lib/armv7e-m\libc.a(memset.o)
 .comment       0x00000000       0x7a C:\fehqt\Proteus/EWL/lib/armv7e-m\libc.a(strlen.o)
 .comment       0x00000000       0x7a C:\fehqt\Proteus/EWL/lib/armv7e-m\libc.a(printformat_.o)
 .comment       0x00000000       0x7a C:\fehqt\Proteus/EWL/lib/armv7e-m\libc.a(scanformat_.o)
 .comment       0x00000000       0x7a C:\fehqt\Proteus/EWL/lib/armv7e-m\libc.a(ctype_aeabi.o)
 .comment       0x00000000       0x7a C:\fehqt\Proteus/EWL/lib/armv7e-m\libc.a(__strtoul.o)
 .comment       0x00000000       0x7a C:\fehqt\Proteus/EWL/lib/armv7e-m\libc.a(__filll_mem.o)
 .comment       0x00000000       0x7a C:\fehqt\Proteus/EWL/lib/armv7e-m\libc.a(memchr.o)
 .comment       0x00000000       0x7a C:\fehqt\Proteus/EWL/lib/armv7e-m\libc.a(strchr.o)
 .comment       0x00000000       0x7a C:\fehqt\Proteus/EWL/lib/armv7e-m\librt.a(gcc_ctor_dtor.o)
 .comment       0x00000000       0x7a C:\fehqt\Proteus/EWL/lib/armv7e-m\librt.a(ROMCopy.o)
 .comment       0x00000000       0x7a C:\fehqt\Proteus/EWL/lib/armv7e-m\librt.a(__arm_eabi_init.o)

.debug_frame    0x00000000     0x3188
 .debug_frame   0x00000000      0x510 ..\main.o
 .debug_frame   0x00000510       0x98 Startup\__arm_start.o
 .debug_frame   0x000005a8       0x2c Startup\__arm_end.o
 .debug_frame   0x000005d4       0x5c Startup\kinetis_sysinit.o
 .debug_frame   0x00000630       0x94 Libraries\FEHMotor.o
 .debug_frame   0x000006c4       0x88 Drivers\i2c.o
 .debug_frame   0x0000074c       0xf8 Drivers\spi.o
 .debug_frame   0x00000844       0x84 Drivers\uart.o
 .debug_frame   0x000008c8      0x5e8 Drivers\ff.o
 .debug_frame   0x00000eb0      0x1e8 Drivers\SDHC.o
 .debug_frame   0x00001098       0x2c Drivers\lptmr.o
 .debug_frame   0x000010c4       0x4c FEHProteus.o
 .debug_frame   0x00001110       0xa8 Drivers\FEHPropeller.o
 .debug_frame   0x000011b8       0xf8 Libraries\FEHUtility.o
 .debug_frame   0x000012b0      0x4e8 Libraries\FEHIO.o
 .debug_frame   0x00001798       0x64 Drivers\adc16.o
 .debug_frame   0x000017fc      0x1c8 Libraries\FEHBuzzer.o
 .debug_frame   0x000019c4      0x12c Libraries\FEHServo.o
 .debug_frame   0x00001af0      0x9c0 Libraries\FEHLCD.o
 .debug_frame   0x000024b0       0xd8 Libraries\FEHAccel.o
 .debug_frame   0x00002588       0x8c Libraries\FEHBattery.o
 .debug_frame   0x00002614       0xfc Drivers\FEHXBee.o
 .debug_frame   0x00002710      0x248 Libraries\FEHRPS.o
 .debug_frame   0x00002958       0xf0 Libraries\FEHSD.o
 .debug_frame   0x00002a48       0x30 C:\fehqt\Proteus/EWL/lib/armv7e-m\libm.a(s_sin.o)
 .debug_frame   0x00002a78       0x38 C:\fehqt\Proteus/EWL/lib/armv7e-m\libm.a(e_rem_pio2.o)
 .debug_frame   0x00002ab0       0x38 C:\fehqt\Proteus/EWL/lib/armv7e-m\libm.a(k_cos.o)
 .debug_frame   0x00002ae8       0x3c C:\fehqt\Proteus/EWL/lib/armv7e-m\libm.a(k_rem_pio2.o)
 .debug_frame   0x00002b24       0x38 C:\fehqt\Proteus/EWL/lib/armv7e-m\libm.a(k_sin.o)
 .debug_frame   0x00002b5c       0x34 C:\fehqt\Proteus/EWL/lib/armv7e-m\libm.a(s_floor.o)
 .debug_frame   0x00002b90       0x2c C:\fehqt\Proteus/EWL/lib/armv7e-m\libm.a(scalbn.o)
 .debug_frame   0x00002bbc       0x2c C:\fehqt\Proteus/EWL/lib/armv7e-m\libm.a(s_frexp.o)
 .debug_frame   0x00002be8       0x34 C:\fehqt\Proteus/EWL/lib/armv7e-m\libm.a(s_ldexp.o)
 .debug_frame   0x00002c1c       0xd8 C:\fehqt\Proteus/EWL/lib/armv7e-m\libm.a(math_api.o)
 .debug_frame   0x00002cf4       0x34 C:\fehqt\Proteus/EWL/lib/armv7e-m\libc.a(sprintf.o)
 .debug_frame   0x00002d28       0x4c C:\fehqt\Proteus/EWL/lib/armv7e-m\libc.a(vsnprintf.o)
 .debug_frame   0x00002d74       0x28 C:\fehqt\Proteus/EWL/lib/armv7e-m\libc.a(exit.o)
 .debug_frame   0x00002d9c       0x28 C:\fehqt\Proteus/EWL/lib/armv7e-m\libc.a(memcpy.o)
 .debug_frame   0x00002dc4       0x28 C:\fehqt\Proteus/EWL/lib/armv7e-m\libc.a(memset.o)
 .debug_frame   0x00002dec       0x20 C:\fehqt\Proteus/EWL/lib/armv7e-m\libc.a(strlen.o)
 .debug_frame   0x00002e0c       0x64 C:\fehqt\Proteus/EWL/lib/armv7e-m\libc.a(printformat_.o)
 .debug_frame   0x00002e70       0x3c C:\fehqt\Proteus/EWL/lib/armv7e-m\libc.a(scanformat_.o)
 .debug_frame   0x00002eac       0xf0 C:\fehqt\Proteus/EWL/lib/armv7e-m\libc.a(ctype_aeabi.o)
 .debug_frame   0x00002f9c       0x3c C:\fehqt\Proteus/EWL/lib/armv7e-m\libc.a(__strtoul.o)
 .debug_frame   0x00002fd8       0x2c C:\fehqt\Proteus/EWL/lib/armv7e-m\libc.a(__filll_mem.o)
 .debug_frame   0x00003004       0x28 C:\fehqt\Proteus/EWL/lib/armv7e-m\libc.a(memchr.o)
 .debug_frame   0x0000302c       0x20 C:\fehqt\Proteus/EWL/lib/armv7e-m\libc.a(strchr.o)
 .debug_frame   0x0000304c       0x48 C:\fehqt\Proteus/EWL/lib/armv7e-m\librt.a(gcc_ctor_dtor.o)
 .debug_frame   0x00003094       0x48 C:\fehqt\Proteus/EWL/lib/armv7e-m\librt.a(ROMCopy.o)
 .debug_frame   0x000030dc       0xac C:\fehqt\Proteus/EWL/lib/armv7e-m\librt.a(__arm_eabi_init.o)